<html>
<body>
<pre>
<h1>µVision Build Log</h1>
<h2>Tool Versions:</h2>
IDE-Version: ¦ÌVision V5.25.2.0
Copyright (C) 2018 ARM Ltd and ARM Germany GmbH. All rights reserved.
License Information: W zr, None, LIC=EPPCX-HMPD8-33FM1-CJ25F-HFE8W-CZI2M
 
Tool Versions:
Toolchain:       MDK-ARM Professional  Version: 5.25.2.0
Toolchain Path:  C:\Keil_v5\ARM\ARMCC\Bin
C Compiler:      Armcc.exe V5.06 update 6 (build 750)
Assembler:       Armasm.exe V5.06 update 6 (build 750)
Linker/Locator:  ArmLink.exe V5.06 update 6 (build 750)
Library Manager: ArmAr.exe V5.06 update 6 (build 750)
Hex Converter:   FromElf.exe V5.06 update 6 (build 750)
CPU DLL:         SARMCM3.DLL V5.25.2.0
Dialog DLL:      DCM.DLL V1.17.1.0
Target DLL:      Segger\JL2CM3.dll V2.99.29.0
Dialog DLL:      TCM.DLL V1.35.1.0
 
<h2>Project:</h2>
C:\Users\82312\Desktop\GitTEST\Planof2019_half\Course_Project\STM32H7\Class03_IWDG\MDK-ARM\Class03_IWDG.uvprojx
Project File Date:  11/14/2018

<h2>Output:</h2>
*** Using Compiler 'V5.06 update 6 (build 750)', folder: 'C:\Keil_v5\ARM\ARMCC\Bin'
Build target 'Class03_IWDG'
assembling startup_stm32h743xx.s...
compiling stm32h7xx_hal_iwdg.c...
compiling stm32h7xx_hal_msp.c...
compiling main.c...
compiling stm32h7xx_it.c...
compiling stm32h7xx_hal_tim.c...
compiling stm32h7xx_hal_tim_ex.c...
compiling stm32h7xx_hal_cortex.c...
compiling stm32h7xx_hal_flash.c...
compiling stm32h7xx_hal_hsem.c...
compiling stm32h7xx_hal_gpio.c...
compiling stm32h7xx_hal_rcc.c...
compiling stm32h7xx_hal_flash_ex.c...
compiling stm32h7xx_hal_rcc_ex.c...
compiling stm32h7xx_hal_dma.c...
compiling stm32h7xx_hal_dma_ex.c...
compiling stm32h7xx_hal_mdma.c...
compiling stm32h7xx_hal.c...
compiling stm32h7xx_hal_pwr_ex.c...
compiling stm32h7xx_hal_i2c.c...
compiling stm32h7xx_hal_pwr.c...
compiling stm32h7xx_hal_i2c_ex.c...
compiling system_stm32h7xx.c...
linking...
Program Size: Code=3772 RO-data=712 RW-data=16 ZI-data=1040  
FromELF: creating hex file...
"Class03_IWDG\Class03_IWDG.axf" - 0 Error(s), 0 Warning(s).

<h2>Software Packages used:</h2>

Package Vendor: ARM
                http://www.keil.com/pack/ARM.CMSIS.5.4.0.pack
                ARM.CMSIS.5.4.0
                CMSIS (Cortex Microcontroller Software Interface Standard)
   * Component: CORE Version: 5.1.2

Package Vendor: Keil
                http://www.keil.com/pack/Keil.STM32H7xx_DFP.2.2.0.pack
                Keil.STM32H7xx_DFP.2.2.0
                STMicroelectronics STM32H7 Series Device Support and Examples

<h2>Collection of Component include folders:</h2>
  .\RTE\_Class03_IWDG
  C:\Keil_v5\ARM\PACK\ARM\CMSIS\5.4.0\CMSIS\Core\Include
  C:\Keil_v5\ARM\PACK\Keil\STM32H7xx_DFP\2.2.0\Drivers\CMSIS\Device\ST\STM32H7xx\Include

<h2>Collection of Component Files used:</h2>

   * Component: ARM::CMSIS:CORE:5.1.2
Build Time Elapsed:  00:00:51
</pre>
</body>
</html>
