Component: ARM Compiler 5.06 update 6 (build 750) Tool: armlink [4d35ed]

==============================================================================

Section Cross References

    startup_stm32h743xx.o(RESET) refers to startup_stm32h743xx.o(STACK) for __initial_sp
    startup_stm32h743xx.o(RESET) refers to startup_stm32h743xx.o(.text) for Reset_Handler
    startup_stm32h743xx.o(RESET) refers to stm32h7xx_it.o(i.NMI_Handler) for NMI_Handler
    startup_stm32h743xx.o(RESET) refers to stm32h7xx_it.o(i.HardFault_Handler) for HardFault_Handler
    startup_stm32h743xx.o(RESET) refers to stm32h7xx_it.o(i.MemManage_Handler) for MemManage_Handler
    startup_stm32h743xx.o(RESET) refers to stm32h7xx_it.o(i.BusFault_Handler) for BusFault_Handler
    startup_stm32h743xx.o(RESET) refers to stm32h7xx_it.o(i.UsageFault_Handler) for UsageFault_Handler
    startup_stm32h743xx.o(RESET) refers to stm32h7xx_it.o(i.SVC_Handler) for SVC_Handler
    startup_stm32h743xx.o(RESET) refers to stm32h7xx_it.o(i.DebugMon_Handler) for DebugMon_Handler
    startup_stm32h743xx.o(RESET) refers to stm32h7xx_it.o(i.PendSV_Handler) for PendSV_Handler
    startup_stm32h743xx.o(RESET) refers to stm32h7xx_it.o(i.SysTick_Handler) for SysTick_Handler
    startup_stm32h743xx.o(RESET) refers to stm32h7xx_it.o(i.USART1_IRQHandler) for USART1_IRQHandler
    startup_stm32h743xx.o(.text) refers to system_stm32h7xx.o(i.SystemInit) for SystemInit
    startup_stm32h743xx.o(.text) refers to entry.o(.ARM.Collect$$$$00000000) for __main
    main.o(i.MX_GPIO_Init) refers to stm32h7xx_hal_gpio.o(i.HAL_GPIO_WritePin) for HAL_GPIO_WritePin
    main.o(i.MX_GPIO_Init) refers to stm32h7xx_hal_gpio.o(i.HAL_GPIO_Init) for HAL_GPIO_Init
    main.o(i.MX_NVIC_Init) refers to stm32h7xx_hal_cortex.o(i.HAL_NVIC_SetPriority) for HAL_NVIC_SetPriority
    main.o(i.MX_NVIC_Init) refers to stm32h7xx_hal_cortex.o(i.HAL_NVIC_EnableIRQ) for HAL_NVIC_EnableIRQ
    main.o(i.MX_USART1_UART_Init) refers to stm32h7xx_hal_uart.o(i.HAL_UART_Init) for HAL_UART_Init
    main.o(i.MX_USART1_UART_Init) refers to main.o(i._Error_Handler) for _Error_Handler
    main.o(i.MX_USART1_UART_Init) refers to main.o(.bss) for huart1
    main.o(i.SystemClock_Config) refers to stm32h7xx_hal_rcc.o(i.HAL_RCC_OscConfig) for HAL_RCC_OscConfig
    main.o(i.SystemClock_Config) refers to main.o(i._Error_Handler) for _Error_Handler
    main.o(i.SystemClock_Config) refers to stm32h7xx_hal_rcc.o(i.HAL_RCC_ClockConfig) for HAL_RCC_ClockConfig
    main.o(i.SystemClock_Config) refers to stm32h7xx_hal_rcc_ex.o(i.HAL_RCCEx_PeriphCLKConfig) for HAL_RCCEx_PeriphCLKConfig
    main.o(i.SystemClock_Config) refers to stm32h7xx_hal_cortex.o(i.HAL_SYSTICK_Config) for HAL_SYSTICK_Config
    main.o(i.SystemClock_Config) refers to stm32h7xx_hal_cortex.o(i.HAL_SYSTICK_CLKSourceConfig) for HAL_SYSTICK_CLKSourceConfig
    main.o(i.SystemClock_Config) refers to stm32h7xx_hal_cortex.o(i.HAL_NVIC_SetPriority) for HAL_NVIC_SetPriority
    main.o(i.SystemClock_Config) refers to system_stm32h7xx.o(.data) for SystemCoreClock
    main.o(i.main) refers to stm32h7xx_hal.o(i.HAL_Init) for HAL_Init
    main.o(i.main) refers to main.o(i.SystemClock_Config) for SystemClock_Config
    main.o(i.main) refers to main.o(i.MX_GPIO_Init) for MX_GPIO_Init
    main.o(i.main) refers to main.o(i.MX_USART1_UART_Init) for MX_USART1_UART_Init
    main.o(i.main) refers to main.o(i.MX_NVIC_Init) for MX_NVIC_Init
    main.o(i.main) refers to stm32h7xx_hal_uart.o(i.HAL_UART_Receive_IT) for HAL_UART_Receive_IT
    main.o(i.main) refers to stm32h7xx_hal.o(i.HAL_Delay) for HAL_Delay
    main.o(i.main) refers to stm32h7xx_hal_gpio.o(i.HAL_GPIO_TogglePin) for HAL_GPIO_TogglePin
    main.o(i.main) refers to main.o(.bss) for buffer
    stm32h7xx_it.o(i.HAL_UART_RxCpltCallback) refers to stm32h7xx_hal_uart.o(i.HAL_UART_Transmit) for HAL_UART_Transmit
    stm32h7xx_it.o(i.HAL_UART_RxCpltCallback) refers to main.o(.bss) for buffer
    stm32h7xx_it.o(i.SysTick_Handler) refers to stm32h7xx_hal.o(i.HAL_IncTick) for HAL_IncTick
    stm32h7xx_it.o(i.SysTick_Handler) refers to stm32h7xx_hal_cortex.o(i.HAL_SYSTICK_IRQHandler) for HAL_SYSTICK_IRQHandler
    stm32h7xx_it.o(i.USART1_IRQHandler) refers to stm32h7xx_hal_uart.o(i.HAL_UART_IRQHandler) for HAL_UART_IRQHandler
    stm32h7xx_it.o(i.USART1_IRQHandler) refers to main.o(.bss) for huart1
    stm32h7xx_hal_msp.o(i.HAL_MspInit) refers to stm32h7xx_hal_cortex.o(i.HAL_NVIC_SetPriorityGrouping) for HAL_NVIC_SetPriorityGrouping
    stm32h7xx_hal_msp.o(i.HAL_MspInit) refers to stm32h7xx_hal_cortex.o(i.HAL_NVIC_SetPriority) for HAL_NVIC_SetPriority
    stm32h7xx_hal_msp.o(i.HAL_UART_MspDeInit) refers to stm32h7xx_hal_gpio.o(i.HAL_GPIO_DeInit) for HAL_GPIO_DeInit
    stm32h7xx_hal_msp.o(i.HAL_UART_MspDeInit) refers to stm32h7xx_hal_cortex.o(i.HAL_NVIC_DisableIRQ) for HAL_NVIC_DisableIRQ
    stm32h7xx_hal_msp.o(i.HAL_UART_MspInit) refers to stm32h7xx_hal_gpio.o(i.HAL_GPIO_Init) for HAL_GPIO_Init
[...]
    system_stm32h7xx.o(i.SystemCoreClockUpdate) refers to system_stm32h7xx.o(.data) for SystemCoreClock
    system_stm32h7xx.o(i.SystemCoreClockUpdate) refers to system_stm32h7xx.o(.constdata) for D1CorePrescTable
    entry.o(.ARM.Collect$$$$00000000) refers (Special) to entry10a.o(.ARM.Collect$$$$0000000D) for __rt_final_cpp
    entry.o(.ARM.Collect$$$$00000000) refers (Special) to entry11a.o(.ARM.Collect$$$$0000000F) for __rt_final_exit
    entry.o(.ARM.Collect$$$$00000000) refers (Special) to entry7b.o(.ARM.Collect$$$$00000008) for _main_clock
    entry.o(.ARM.Collect$$$$00000000) refers (Special) to entry8b.o(.ARM.Collect$$$$0000000A) for _main_cpp_init
    entry.o(.ARM.Collect$$$$00000000) refers (Special) to entry9a.o(.ARM.Collect$$$$0000000B) for _main_init
    entry.o(.ARM.Collect$$$$00000000) refers (Special) to entry5.o(.ARM.Collect$$$$00000004) for _main_scatterload
    entry.o(.ARM.Collect$$$$00000000) refers (Special) to entry2.o(.ARM.Collect$$$$00000001) for _main_stk
    uldiv.o(.text) refers to llushr.o(.text) for __aeabi_llsr
    uldiv.o(.text) refers to llshl.o(.text) for __aeabi_llsl
    entry2.o(.ARM.Collect$$$$00000001) refers to entry2.o(.ARM.Collect$$$$00002712) for __lit__00000000
    entry2.o(.ARM.Collect$$$$00002712) refers to startup_stm32h743xx.o(STACK) for __initial_sp
    entry2.o(__vectab_stack_and_reset_area) refers to startup_stm32h743xx.o(STACK) for __initial_sp
    entry2.o(__vectab_stack_and_reset_area) refers to entry.o(.ARM.Collect$$$$00000000) for __main
    entry5.o(.ARM.Collect$$$$00000004) refers to init.o(.text) for __scatterload
    entry9a.o(.ARM.Collect$$$$0000000B) refers to main.o(i.main) for main
    entry9b.o(.ARM.Collect$$$$0000000C) refers to main.o(i.main) for main
    init.o(.text) refers to entry5.o(.ARM.Collect$$$$00000004) for __main_after_scatterload


==============================================================================

Removing Unused input sections from the image.

    Removing startup_stm32h743xx.o(HEAP), (512 bytes).
    Removing main.o(.rev16_text), (4 bytes).
    Removing main.o(.revsh_text), (4 bytes).
    Removing main.o(.rrx_text), (6 bytes).
    Removing main.o(.constdata), (24 bytes).
    Removing stm32h7xx_it.o(.rev16_text), (4 bytes).
    Removing stm32h7xx_it.o(.revsh_text), (4 bytes).
    Removing stm32h7xx_it.o(.rrx_text), (6 bytes).
    Removing stm32h7xx_it.o(.constdata), (24 bytes).
    Removing stm32h7xx_hal_msp.o(.rev16_text), (4 bytes).
    Removing stm32h7xx_hal_msp.o(.revsh_text), (4 bytes).
    Removing stm32h7xx_hal_msp.o(.rrx_text), (6 bytes).
    Removing stm32h7xx_hal_msp.o(i.HAL_UART_MspDeInit), (56 bytes).
    Removing stm32h7xx_hal_msp.o(.constdata), (24 bytes).
    Removing stm32h7xx_hal_cortex.o(.rev16_text), (4 bytes).
    Removing stm32h7xx_hal_cortex.o(.revsh_text), (4 bytes).
    Removing stm32h7xx_hal_cortex.o(.rrx_text), (6 bytes).
    Removing stm32h7xx_hal_cortex.o(i.HAL_GetCurrentCPUID), (4 bytes).
    Removing stm32h7xx_hal_cortex.o(i.HAL_MPU_ConfigRegion), (92 bytes).
    Removing stm32h7xx_hal_cortex.o(i.HAL_MPU_Disable), (44 bytes).
    Removing stm32h7xx_hal_cortex.o(i.HAL_MPU_Enable), (64 bytes).
    Removing stm32h7xx_hal_cortex.o(i.HAL_NVIC_ClearPendingIRQ), (36 bytes).
    Removing stm32h7xx_hal_cortex.o(i.HAL_NVIC_DisableIRQ), (68 bytes).
    Removing stm32h7xx_hal_cortex.o(i.HAL_NVIC_GetActive), (48 bytes).
    Removing stm32h7xx_hal_cortex.o(i.HAL_NVIC_GetPendingIRQ), (48 bytes).
    Removing stm32h7xx_hal_cortex.o(i.HAL_NVIC_GetPriority), (148 bytes).
    Removing stm32h7xx_hal_cortex.o(i.HAL_NVIC_GetPriorityGrouping), (8 bytes).
    Removing stm32h7xx_hal_cortex.o(i.HAL_NVIC_SetPendingIRQ), (36 bytes).
    Removing stm32h7xx_hal_cortex.o(i.HAL_NVIC_SystemReset), (68 bytes).
    Removing stm32h7xx_hal_cortex.o(.constdata), (24 bytes).
    Removing stm32h7xx_hal_tim.o(.rev16_text), (4 bytes).
    Removing stm32h7xx_hal_tim.o(.revsh_text), (4 bytes).
    Removing stm32h7xx_hal_tim.o(.rrx_text), (6 bytes).
    Removing stm32h7xx_hal_tim.o(.constdata), (24 bytes).
    Removing stm32h7xx_hal_tim_ex.o(.rev16_text), (4 bytes).
    Removing stm32h7xx_hal_tim_ex.o(.revsh_text), (4 bytes).
    Removing stm32h7xx_hal_tim_ex.o(.rrx_text), (6 bytes).
    Removing stm32h7xx_hal_tim_ex.o(.constdata), (24 bytes).
    Removing stm32h7xx_hal_uart.o(.rev16_text), (4 bytes).
    Removing stm32h7xx_hal_uart.o(.revsh_text), (4 bytes).
    Removing stm32h7xx_hal_uart.o(.rrx_text), (6 bytes).
    Removing stm32h7xx_hal_uart.o(i.HAL_HalfDuplex_EnableReceiver), (74 bytes).
    Removing stm32h7xx_hal_uart.o(i.HAL_HalfDuplex_EnableTransmitter), (74 bytes).
    Removing stm32h7xx_hal_uart.o(i.HAL_HalfDuplex_Init), (124 bytes).
    Removing stm32h7xx_hal_uart.o(i.HAL_LIN_Init), (160 bytes).
    Removing stm32h7xx_hal_uart.o(i.HAL_LIN_SendBreak), (62 bytes).
    Removing stm32h7xx_hal_uart.o(i.HAL_MultiProcessor_DisableMuteMode), (58 bytes).
    Removing stm32h7xx_hal_uart.o(i.HAL_MultiProcessor_EnableMuteMode), (58 bytes).
    Removing stm32h7xx_hal_uart.o(i.HAL_MultiProcessor_EnterMuteMode), (14 bytes).
    Removing stm32h7xx_hal_uart.o(i.HAL_MultiProcessor_Init), (148 bytes).
    Removing stm32h7xx_hal_uart.o(i.HAL_UART_Abort), (140 bytes).
    Removing stm32h7xx_hal_uart.o(i.HAL_UART_AbortCpltCallback), (2 bytes).
    Removing stm32h7xx_hal_uart.o(i.HAL_UART_AbortReceive), (92 bytes).
    Removing stm32h7xx_hal_uart.o(i.HAL_UART_AbortReceiveCpltCallback), (2 bytes).
    Removing stm32h7xx_hal_uart.o(i.HAL_UART_AbortReceive_IT), (140 bytes).
    Removing stm32h7xx_hal_uart.o(i.HAL_UART_AbortTransmit), (82 bytes).
    Removing stm32h7xx_hal_uart.o(i.HAL_UART_AbortTransmitCpltCallback), (2 bytes).
    Removing stm32h7xx_hal_uart.o(i.HAL_UART_AbortTransmit_IT), (124 bytes).
    Removing stm32h7xx_hal_uart.o(i.HAL_UART_Abort_IT), (228 bytes).
    Removing stm32h7xx_hal_uart.o(i.HAL_UART_DMAPause), (122 bytes).
    Removing stm32h7xx_hal_uart.o(i.HAL_UART_DMAResume), (108 bytes).
    Removing stm32h7xx_hal_uart.o(i.HAL_UART_DMAStop), (100 bytes).
    Removing stm32h7xx_hal_uart.o(i.HAL_UART_DeInit), (72 bytes).
    Removing stm32h7xx_hal_uart.o(i.HAL_UART_GetError), (6 bytes).
    Removing stm32h7xx_hal_uart.o(i.HAL_UART_GetState), (20 bytes).
    Removing stm32h7xx_hal_uart.o(i.HAL_UART_MspDeInit), (2 bytes).
    Removing stm32h7xx_hal_uart.o(i.HAL_UART_MspInit), (2 bytes).
    Removing stm32h7xx_hal_uart.o(i.HAL_UART_Receive), (274 bytes).
    Removing stm32h7xx_hal_uart.o(i.HAL_UART_Receive_DMA), (168 bytes).
    Removing stm32h7xx_hal_uart.o(i.HAL_UART_RxCpltCallback), (2 bytes).
    Removing stm32h7xx_hal_uart.o(i.HAL_UART_RxHalfCpltCallback), (2 bytes).
    Removing stm32h7xx_hal_uart.o(i.HAL_UART_Transmit_DMA), (156 bytes).
    Removing stm32h7xx_hal_uart.o(i.HAL_UART_Transmit_IT), (114 bytes).
    Removing stm32h7xx_hal_uart.o(i.HAL_UART_TxHalfCpltCallback), (2 bytes).
    Removing stm32h7xx_hal_uart.o(i.UART_DMAError), (92 bytes).
    Removing stm32h7xx_hal_uart.o(i.UART_DMAReceiveCplt), (70 bytes).
    Removing stm32h7xx_hal_uart.o(i.UART_DMARxAbortCallback), (60 bytes).
    Removing stm32h7xx_hal_uart.o(i.UART_DMARxHalfCplt), (14 bytes).
    Removing stm32h7xx_hal_uart.o(i.UART_DMARxOnlyAbortCallback), (32 bytes).
    Removing stm32h7xx_hal_uart.o(i.UART_DMATransmitCplt), (54 bytes).
    Removing stm32h7xx_hal_uart.o(i.UART_DMATxAbortCallback), (60 bytes).
    Removing stm32h7xx_hal_uart.o(i.UART_DMATxHalfCplt), (14 bytes).
    Removing stm32h7xx_hal_uart.o(i.UART_DMATxOnlyAbortCallback), (26 bytes).
    Removing stm32h7xx_hal_uart.o(i.UART_EndTxTransfer), (20 bytes).
    Removing stm32h7xx_hal_uart_ex.o(.rev16_text), (4 bytes).
    Removing stm32h7xx_hal_uart_ex.o(.revsh_text), (4 bytes).
    Removing stm32h7xx_hal_uart_ex.o(.rrx_text), (6 bytes).
    Removing stm32h7xx_hal_uart_ex.o(i.HAL_MultiProcessorEx_AddressLength_Set), (64 bytes).
    Removing stm32h7xx_hal_uart_ex.o(i.HAL_RS485Ex_Init), (156 bytes).
    Removing stm32h7xx_hal_uart_ex.o(i.HAL_UARTEx_DisableStopMode), (62 bytes).
    Removing stm32h7xx_hal_uart_ex.o(i.HAL_UARTEx_EnableStopMode), (62 bytes).
    Removing stm32h7xx_hal_uart_ex.o(i.HAL_UARTEx_StopModeWakeUpSourceConfig), (282 bytes).
    Removing stm32h7xx_hal_uart_ex.o(i.UARTEx_Wakeup_AddressConfig), (38 bytes).
    Removing stm32h7xx_hal_uart_ex.o(.constdata), (24 bytes).
    Removing stm32h7xx_hal_rcc.o(.rev16_text), (4 bytes).
    Removing stm32h7xx_hal_rcc.o(.revsh_text), (4 bytes).
    Removing stm32h7xx_hal_rcc.o(.rrx_text), (6 bytes).
    Removing stm32h7xx_hal_rcc.o(i.HAL_RCC_CSSCallback), (2 bytes).
    Removing stm32h7xx_hal_rcc.o(i.HAL_RCC_DeInit), (112 bytes).
    Removing stm32h7xx_hal_rcc.o(i.HAL_RCC_EnableCSS), (20 bytes).
    Removing stm32h7xx_hal_rcc.o(i.HAL_RCC_GetClockConfig), (108 bytes).
    Removing stm32h7xx_hal_rcc.o(i.HAL_RCC_GetOscConfig), (460 bytes).
    Removing stm32h7xx_hal_rcc.o(i.HAL_RCC_MCOConfig), (188 bytes).
    Removing stm32h7xx_hal_rcc.o(i.HAL_RCC_NMI_IRQHandler), (36 bytes).
    Removing stm32h7xx_hal_rcc.o(.constdata), (24 bytes).
    Removing stm32h7xx_hal_rcc_ex.o(.rev16_text), (4 bytes).
    Removing stm32h7xx_hal_rcc_ex.o(.revsh_text), (4 bytes).
    Removing stm32h7xx_hal_rcc_ex.o(.rrx_text), (6 bytes).
    Removing stm32h7xx_hal_rcc_ex.o(i.HAL_RCCEx_CRSConfig), (116 bytes).
    Removing stm32h7xx_hal_rcc_ex.o(i.HAL_RCCEx_CRSGetSynchronizationInfo), (80 bytes).
    Removing stm32h7xx_hal_rcc_ex.o(i.HAL_RCCEx_CRSSoftwareSynchronizationGenerate), (20 bytes).
    Removing stm32h7xx_hal_rcc_ex.o(i.HAL_RCCEx_CRSWaitSynchronization), (212 bytes).
    Removing stm32h7xx_hal_rcc_ex.o(i.HAL_RCCEx_CRS_ErrorCallback), (2 bytes).
    Removing stm32h7xx_hal_rcc_ex.o(i.HAL_RCCEx_CRS_ExpectedSyncCallback), (2 bytes).
    Removing stm32h7xx_hal_rcc_ex.o(i.HAL_RCCEx_CRS_IRQHandler), (156 bytes).
    Removing stm32h7xx_hal_rcc_ex.o(i.HAL_RCCEx_CRS_SyncOkCallback), (2 bytes).
    Removing stm32h7xx_hal_rcc_ex.o(i.HAL_RCCEx_CRS_SyncWarnCallback), (2 bytes).
    Removing stm32h7xx_hal_rcc_ex.o(i.HAL_RCCEx_DisableLSECSS), (36 bytes).
    Removing stm32h7xx_hal_rcc_ex.o(i.HAL_RCCEx_EnableLSECSS), (20 bytes).
    Removing stm32h7xx_hal_rcc_ex.o(i.HAL_RCCEx_GetD1PCLK1Freq), (44 bytes).
    Removing stm32h7xx_hal_rcc_ex.o(i.HAL_RCCEx_GetPLL1ClockFreq), (548 bytes).
    Removing stm32h7xx_hal_rcc_ex.o(i.HAL_RCCEx_GetPeriphCLKConfig), (752 bytes).
    Removing stm32h7xx_hal_rcc_ex.o(i.HAL_RCCEx_GetPeriphCLKFreq), (652 bytes).
    Removing stm32h7xx_hal_rcc_ex.o(i.HAL_RCCEx_KerWakeUpStopCLKConfig), (20 bytes).
    Removing stm32h7xx_hal_rcc_ex.o(i.HAL_RCCEx_WWDGxSysResetConfig), (16 bytes).
    Removing stm32h7xx_hal_rcc_ex.o(i.HAL_RCCEx_WakeUpStopCLKConfig), (20 bytes).
    Removing stm32h7xx_hal_rcc_ex.o(.constdata), (24 bytes).
    Removing stm32h7xx_hal_flash.o(.rev16_text), (4 bytes).
    Removing stm32h7xx_hal_flash.o(.revsh_text), (4 bytes).
    Removing stm32h7xx_hal_flash.o(.rrx_text), (6 bytes).
    Removing stm32h7xx_hal_flash.o(i.FLASH_OB_WaitForLastOperation), (92 bytes).
    Removing stm32h7xx_hal_flash.o(i.FLASH_SetErrorCode), (504 bytes).
    Removing stm32h7xx_hal_flash.o(i.FLASH_WaitForLastOperation), (248 bytes).
    Removing stm32h7xx_hal_flash.o(i.HAL_FLASH_EndOfOperationCallback), (2 bytes).
    Removing stm32h7xx_hal_flash.o(i.HAL_FLASH_GetError), (12 bytes).
    Removing stm32h7xx_hal_flash.o(i.HAL_FLASH_IRQHandler), (624 bytes).
    Removing stm32h7xx_hal_flash.o(i.HAL_FLASH_Lock), (36 bytes).
    Removing stm32h7xx_hal_flash.o(i.HAL_FLASH_OB_Launch), (36 bytes).
    Removing stm32h7xx_hal_flash.o(i.HAL_FLASH_OB_Lock), (20 bytes).
    Removing stm32h7xx_hal_flash.o(i.HAL_FLASH_OB_Unlock), (44 bytes).
    Removing stm32h7xx_hal_flash.o(i.HAL_FLASH_OperationErrorCallback), (2 bytes).
    Removing stm32h7xx_hal_flash.o(i.HAL_FLASH_Program), (300 bytes).
    Removing stm32h7xx_hal_flash.o(i.HAL_FLASH_Program_IT), (208 bytes).
    Removing stm32h7xx_hal_flash.o(i.HAL_FLASH_Unlock), (72 bytes).
    Removing stm32h7xx_hal_flash.o(.bss), (28 bytes).
    Removing stm32h7xx_hal_flash.o(.constdata), (24 bytes).
    Removing stm32h7xx_hal_flash_ex.o(.rev16_text), (4 bytes).
    Removing stm32h7xx_hal_flash_ex.o(.revsh_text), (4 bytes).
    Removing stm32h7xx_hal_flash_ex.o(.rrx_text), (6 bytes).
    Removing stm32h7xx_hal_flash_ex.o(i.FLASH_Erase_Sector), (144 bytes).
    Removing stm32h7xx_hal_flash_ex.o(i.FLASH_MassErase), (152 bytes).
    Removing stm32h7xx_hal_flash_ex.o(i.FLASH_OB_BOR_LevelConfig), (80 bytes).
    Removing stm32h7xx_hal_flash_ex.o(i.FLASH_OB_BootAddConfig), (116 bytes).
    Removing stm32h7xx_hal_flash_ex.o(i.FLASH_OB_DisableWRP), (128 bytes).
    Removing stm32h7xx_hal_flash_ex.o(i.FLASH_OB_EnableWRP), (128 bytes).
    Removing stm32h7xx_hal_flash_ex.o(i.FLASH_OB_GetBOR), (16 bytes).
    Removing stm32h7xx_hal_flash_ex.o(i.FLASH_OB_GetBootAdd), (24 bytes).
    Removing stm32h7xx_hal_flash_ex.o(i.FLASH_OB_GetPCROP), (96 bytes).
    Removing stm32h7xx_hal_flash_ex.o(i.FLASH_OB_GetRDP), (16 bytes).
    Removing stm32h7xx_hal_flash_ex.o(i.FLASH_OB_GetSecureArea), (96 bytes).
    Removing stm32h7xx_hal_flash_ex.o(i.FLASH_OB_GetUser), (16 bytes).
    Removing stm32h7xx_hal_flash_ex.o(i.FLASH_OB_GetWRP), (60 bytes).
    Removing stm32h7xx_hal_flash_ex.o(i.FLASH_OB_PCROPConfig), (200 bytes).
    Removing stm32h7xx_hal_flash_ex.o(i.FLASH_OB_RDPConfig), (80 bytes).
    Removing stm32h7xx_hal_flash_ex.o(i.FLASH_OB_SecureAreaConfig), (208 bytes).
    Removing stm32h7xx_hal_flash_ex.o(i.FLASH_OB_UserConfig), (180 bytes).
    Removing stm32h7xx_hal_flash_ex.o(i.HAL_FLASHEx_Erase), (304 bytes).
    Removing stm32h7xx_hal_flash_ex.o(i.HAL_FLASHEx_Erase_IT), (196 bytes).
    Removing stm32h7xx_hal_flash_ex.o(i.HAL_FLASHEx_Lock_Bank1), (20 bytes).
    Removing stm32h7xx_hal_flash_ex.o(i.HAL_FLASHEx_Lock_Bank2), (28 bytes).
    Removing stm32h7xx_hal_flash_ex.o(i.HAL_FLASHEx_OBGetConfig), (78 bytes).
    Removing stm32h7xx_hal_flash_ex.o(i.HAL_FLASHEx_OBProgram), (320 bytes).
    Removing stm32h7xx_hal_flash_ex.o(i.HAL_FLASHEx_Unlock_Bank1), (44 bytes).
    Removing stm32h7xx_hal_flash_ex.o(i.HAL_FLASHEx_Unlock_Bank2), (52 bytes).
    Removing stm32h7xx_hal_flash_ex.o(.constdata), (24 bytes).
    Removing stm32h7xx_hal_gpio.o(.rev16_text), (4 bytes).
    Removing stm32h7xx_hal_gpio.o(.revsh_text), (4 bytes).
    Removing stm32h7xx_hal_gpio.o(.rrx_text), (6 bytes).
    Removing stm32h7xx_hal_gpio.o(i.HAL_GPIO_DeInit), (388 bytes).
    Removing stm32h7xx_hal_gpio.o(i.HAL_GPIO_EXTI_Callback), (2 bytes).
    Removing stm32h7xx_hal_gpio.o(i.HAL_GPIO_EXTI_IRQHandler), (28 bytes).
    Removing stm32h7xx_hal_gpio.o(i.HAL_GPIO_LockPin), (46 bytes).
    Removing stm32h7xx_hal_gpio.o(i.HAL_GPIO_ReadPin), (16 bytes).
    Removing stm32h7xx_hal_gpio.o(.constdata), (24 bytes).
    Removing stm32h7xx_hal_hsem.o(.rev16_text), (4 bytes).
    Removing stm32h7xx_hal_hsem.o(.revsh_text), (4 bytes).
    Removing stm32h7xx_hal_hsem.o(.rrx_text), (6 bytes).
    Removing stm32h7xx_hal_hsem.o(i.HAL_HSEM_ActivateNotification), (16 bytes).
    Removing stm32h7xx_hal_hsem.o(i.HAL_HSEM_DeactivateNotification), (16 bytes).
    Removing stm32h7xx_hal_hsem.o(i.HAL_HSEM_FastTake), (52 bytes).
    Removing stm32h7xx_hal_hsem.o(i.HAL_HSEM_FreeCallback), (2 bytes).
    Removing stm32h7xx_hal_hsem.o(i.HAL_HSEM_GetClearKey), (28 bytes).
    Removing stm32h7xx_hal_hsem.o(i.HAL_HSEM_IRQHandler), (44 bytes).
    Removing stm32h7xx_hal_hsem.o(i.HAL_HSEM_IsSemTaken), (20 bytes).
    Removing stm32h7xx_hal_hsem.o(i.HAL_HSEM_Release), (48 bytes).
    Removing stm32h7xx_hal_hsem.o(i.HAL_HSEM_ReleaseAll), (56 bytes).
    Removing stm32h7xx_hal_hsem.o(i.HAL_HSEM_SetClearKey), (36 bytes).
    Removing stm32h7xx_hal_hsem.o(i.HAL_HSEM_Take), (104 bytes).
    Removing stm32h7xx_hal_hsem.o(.constdata), (24 bytes).
    Removing stm32h7xx_hal_dma.o(.rev16_text), (4 bytes).
    Removing stm32h7xx_hal_dma.o(.revsh_text), (4 bytes).
    Removing stm32h7xx_hal_dma.o(.rrx_text), (6 bytes).
    Removing stm32h7xx_hal_dma.o(i.DMA_CalcBaseAndBitshift), (52 bytes).
    Removing stm32h7xx_hal_dma.o(i.DMA_CalcDMAMUXChannelBaseAndMask), (116 bytes).
    Removing stm32h7xx_hal_dma.o(i.DMA_CalcDMAMUXRequestGenBaseAndMask), (84 bytes).
    Removing stm32h7xx_hal_dma.o(i.DMA_CheckFifoParam), (174 bytes).
    Removing stm32h7xx_hal_dma.o(i.DMA_SetConfig), (180 bytes).
    Removing stm32h7xx_hal_dma.o(i.HAL_DMA_Abort), (328 bytes).
    Removing stm32h7xx_hal_dma.o(i.HAL_DMA_DeInit), (288 bytes).
    Removing stm32h7xx_hal_dma.o(i.HAL_DMA_GetError), (6 bytes).
    Removing stm32h7xx_hal_dma.o(i.HAL_DMA_GetState), (8 bytes).
    Removing stm32h7xx_hal_dma.o(i.HAL_DMA_IRQHandler), (1100 bytes).
    Removing stm32h7xx_hal_dma.o(i.HAL_DMA_Init), (528 bytes).
    Removing stm32h7xx_hal_dma.o(i.HAL_DMA_PollForTransfer), (696 bytes).
    Removing stm32h7xx_hal_dma.o(i.HAL_DMA_RegisterCallback), (100 bytes).
    Removing stm32h7xx_hal_dma.o(i.HAL_DMA_Start), (196 bytes).
    Removing stm32h7xx_hal_dma.o(i.HAL_DMA_Start_IT), (336 bytes).
    Removing stm32h7xx_hal_dma.o(i.HAL_DMA_UnRegisterCallback), (130 bytes).
    Removing stm32h7xx_hal_dma.o(.constdata), (32 bytes).
    Removing stm32h7xx_hal_dma_ex.o(.rev16_text), (4 bytes).
    Removing stm32h7xx_hal_dma_ex.o(.revsh_text), (4 bytes).
    Removing stm32h7xx_hal_dma_ex.o(.rrx_text), (6 bytes).
    Removing stm32h7xx_hal_dma_ex.o(i.DMA_MultiBufferSetConfig), (32 bytes).
    Removing stm32h7xx_hal_dma_ex.o(i.HAL_DMAEx_ChangeMemory), (18 bytes).
    Removing stm32h7xx_hal_dma_ex.o(i.HAL_DMAEx_ConfigMuxRequestGenerator), (148 bytes).
    Removing stm32h7xx_hal_dma_ex.o(i.HAL_DMAEx_ConfigMuxSync), (204 bytes).
    Removing stm32h7xx_hal_dma_ex.o(i.HAL_DMAEx_DisableMuxRequestGenerator), (32 bytes).
    Removing stm32h7xx_hal_dma_ex.o(i.HAL_DMAEx_EnableMuxRequestGenerator), (32 bytes).
    Removing stm32h7xx_hal_dma_ex.o(i.HAL_DMAEx_MUX_IRQHandler), (102 bytes).
    Removing stm32h7xx_hal_dma_ex.o(i.HAL_DMAEx_MultiBufferStart), (236 bytes).
    Removing stm32h7xx_hal_dma_ex.o(i.HAL_DMAEx_MultiBufferStart_IT), (316 bytes).
    Removing stm32h7xx_hal_dma_ex.o(.constdata), (24 bytes).
    Removing stm32h7xx_hal_mdma.o(.rev16_text), (4 bytes).
    Removing stm32h7xx_hal_mdma.o(.revsh_text), (4 bytes).
    Removing stm32h7xx_hal_mdma.o(.rrx_text), (6 bytes).
    Removing stm32h7xx_hal_mdma.o(i.HAL_MDMA_Abort), (144 bytes).
    Removing stm32h7xx_hal_mdma.o(i.HAL_MDMA_Abort_IT), (46 bytes).
    Removing stm32h7xx_hal_mdma.o(i.HAL_MDMA_ConfigPostRequestMask), (110 bytes).
    Removing stm32h7xx_hal_mdma.o(i.HAL_MDMA_DeInit), (110 bytes).
    Removing stm32h7xx_hal_mdma.o(i.HAL_MDMA_GenerateSWRequest), (72 bytes).
    Removing stm32h7xx_hal_mdma.o(i.HAL_MDMA_GetError), (6 bytes).
    Removing stm32h7xx_hal_mdma.o(i.HAL_MDMA_GetState), (8 bytes).
    Removing stm32h7xx_hal_mdma.o(i.HAL_MDMA_IRQHandler), (480 bytes).
    Removing stm32h7xx_hal_mdma.o(i.HAL_MDMA_Init), (108 bytes).
    Removing stm32h7xx_hal_mdma.o(i.HAL_MDMA_LinkedList_AddNode), (230 bytes).
    Removing stm32h7xx_hal_mdma.o(i.HAL_MDMA_LinkedList_CreateNode), (324 bytes).
    Removing stm32h7xx_hal_mdma.o(i.HAL_MDMA_LinkedList_DisableCircularMode), (88 bytes).
    Removing stm32h7xx_hal_mdma.o(i.HAL_MDMA_LinkedList_EnableCircularMode), (88 bytes).
    Removing stm32h7xx_hal_mdma.o(i.HAL_MDMA_LinkedList_RemoveNode), (218 bytes).
    Removing stm32h7xx_hal_mdma.o(i.HAL_MDMA_PollForTransfer), (292 bytes).
    Removing stm32h7xx_hal_mdma.o(i.HAL_MDMA_RegisterCallback), (100 bytes).
    Removing stm32h7xx_hal_mdma.o(i.HAL_MDMA_Start), (144 bytes).
    Removing stm32h7xx_hal_mdma.o(i.HAL_MDMA_Start_IT), (204 bytes).
    Removing stm32h7xx_hal_mdma.o(i.HAL_MDMA_UnRegisterCallback), (130 bytes).
    Removing stm32h7xx_hal_mdma.o(i.MDMA_Init), (240 bytes).
    Removing stm32h7xx_hal_mdma.o(i.MDMA_SetConfig), (152 bytes).
    Removing stm32h7xx_hal_mdma.o(.constdata), (24 bytes).
    Removing stm32h7xx_hal_pwr.o(.rev16_text), (4 bytes).
    Removing stm32h7xx_hal_pwr.o(.revsh_text), (4 bytes).
    Removing stm32h7xx_hal_pwr.o(.rrx_text), (6 bytes).
    Removing stm32h7xx_hal_pwr.o(i.HAL_PWR_ConfigPVD), (180 bytes).
    Removing stm32h7xx_hal_pwr.o(i.HAL_PWR_DeInit), (2 bytes).
    Removing stm32h7xx_hal_pwr.o(i.HAL_PWR_DisableBkUpAccess), (20 bytes).
    Removing stm32h7xx_hal_pwr.o(i.HAL_PWR_DisablePVD), (20 bytes).
    Removing stm32h7xx_hal_pwr.o(i.HAL_PWR_DisableSEVOnPend), (20 bytes).
    Removing stm32h7xx_hal_pwr.o(i.HAL_PWR_DisableSleepOnExit), (20 bytes).
    Removing stm32h7xx_hal_pwr.o(i.HAL_PWR_DisableWakeUpPin), (16 bytes).
    Removing stm32h7xx_hal_pwr.o(i.HAL_PWR_EnableBkUpAccess), (20 bytes).
    Removing stm32h7xx_hal_pwr.o(i.HAL_PWR_EnablePVD), (20 bytes).
    Removing stm32h7xx_hal_pwr.o(i.HAL_PWR_EnableSEVOnPend), (20 bytes).
    Removing stm32h7xx_hal_pwr.o(i.HAL_PWR_EnableSleepOnExit), (20 bytes).
    Removing stm32h7xx_hal_pwr.o(i.HAL_PWR_EnableWakeUpPin), (24 bytes).
    Removing stm32h7xx_hal_pwr.o(i.HAL_PWR_EnterSLEEPMode), (32 bytes).
    Removing stm32h7xx_hal_pwr.o(i.HAL_PWR_EnterSTANDBYMode), (60 bytes).
    Removing stm32h7xx_hal_pwr.o(i.HAL_PWR_EnterSTOPMode), (136 bytes).
    Removing stm32h7xx_hal_pwr.o(i.HAL_PWR_PVDCallback), (2 bytes).
    Removing stm32h7xx_hal_pwr.o(i.HAL_PWR_PVD_IRQHandler), (40 bytes).
    Removing stm32h7xx_hal_pwr.o(.constdata), (24 bytes).
    Removing stm32h7xx_hal_pwr_ex.o(.rev16_text), (4 bytes).
    Removing stm32h7xx_hal_pwr_ex.o(.revsh_text), (4 bytes).
    Removing stm32h7xx_hal_pwr_ex.o(.rrx_text), (6 bytes).
    Removing stm32h7xx_hal_pwr_ex.o(i.HAL_PWREx_AVDCallback), (2 bytes).
    Removing stm32h7xx_hal_pwr_ex.o(i.HAL_PWREx_ClearWakeupFlag), (32 bytes).
    Removing stm32h7xx_hal_pwr_ex.o(i.HAL_PWREx_ConfigAVD), (180 bytes).
    Removing stm32h7xx_hal_pwr_ex.o(i.HAL_PWREx_ConfigD3Domain), (20 bytes).
    Removing stm32h7xx_hal_pwr_ex.o(i.HAL_PWREx_ConfigSupply), (80 bytes).
    Removing stm32h7xx_hal_pwr_ex.o(i.HAL_PWREx_ControlStopModeVoltageScaling), (24 bytes).
    Removing stm32h7xx_hal_pwr_ex.o(i.HAL_PWREx_ControlVoltageScaling), (68 bytes).
    Removing stm32h7xx_hal_pwr_ex.o(i.HAL_PWREx_DisableAVD), (20 bytes).
    Removing stm32h7xx_hal_pwr_ex.o(i.HAL_PWREx_DisableBatteryCharging), (20 bytes).
    Removing stm32h7xx_hal_pwr_ex.o(i.HAL_PWREx_DisableBkUpReg), (60 bytes).
    Removing stm32h7xx_hal_pwr_ex.o(i.HAL_PWREx_DisableFlashPowerDown), (20 bytes).
    Removing stm32h7xx_hal_pwr_ex.o(i.HAL_PWREx_DisableMonitoring), (20 bytes).
    Removing stm32h7xx_hal_pwr_ex.o(i.HAL_PWREx_DisableUSBReg), (60 bytes).
    Removing stm32h7xx_hal_pwr_ex.o(i.HAL_PWREx_DisableUSBVoltageDetector), (20 bytes).
    Removing stm32h7xx_hal_pwr_ex.o(i.HAL_PWREx_DisableWakeUpPin), (16 bytes).
    Removing stm32h7xx_hal_pwr_ex.o(i.HAL_PWREx_EnableAVD), (20 bytes).
    Removing stm32h7xx_hal_pwr_ex.o(i.HAL_PWREx_EnableBatteryCharging), (32 bytes).
    Removing stm32h7xx_hal_pwr_ex.o(i.HAL_PWREx_EnableBkUpReg), (64 bytes).
    Removing stm32h7xx_hal_pwr_ex.o(i.HAL_PWREx_EnableFlashPowerDown), (20 bytes).
    Removing stm32h7xx_hal_pwr_ex.o(i.HAL_PWREx_EnableMonitoring), (20 bytes).
    Removing stm32h7xx_hal_pwr_ex.o(i.HAL_PWREx_EnableUSBReg), (60 bytes).
    Removing stm32h7xx_hal_pwr_ex.o(i.HAL_PWREx_EnableUSBVoltageDetector), (20 bytes).
    Removing stm32h7xx_hal_pwr_ex.o(i.HAL_PWREx_EnableWakeUpPin), (132 bytes).
    Removing stm32h7xx_hal_pwr_ex.o(i.HAL_PWREx_EnterSTANDBYMode), (76 bytes).
    Removing stm32h7xx_hal_pwr_ex.o(i.HAL_PWREx_EnterSTOPMode), (156 bytes).
    Removing stm32h7xx_hal_pwr_ex.o(i.HAL_PWREx_GetStopModeVoltageRange), (16 bytes).
    Removing stm32h7xx_hal_pwr_ex.o(i.HAL_PWREx_GetSupplyConfig), (16 bytes).
    Removing stm32h7xx_hal_pwr_ex.o(i.HAL_PWREx_GetTemperatureLevel), (40 bytes).
    Removing stm32h7xx_hal_pwr_ex.o(i.HAL_PWREx_GetVBATLevel), (40 bytes).
    Removing stm32h7xx_hal_pwr_ex.o(i.HAL_PWREx_GetVoltageRange), (16 bytes).
    Removing stm32h7xx_hal_pwr_ex.o(i.HAL_PWREx_GetWakeupFlag), (16 bytes).
    Removing stm32h7xx_hal_pwr_ex.o(i.HAL_PWREx_PVD_AVD_IRQHandler), (92 bytes).
    Removing stm32h7xx_hal_pwr_ex.o(i.HAL_PWREx_WAKEUP_PIN_IRQHandler), (188 bytes).
    Removing stm32h7xx_hal_pwr_ex.o(i.HAL_PWREx_WKUP1_Callback), (2 bytes).
    Removing stm32h7xx_hal_pwr_ex.o(i.HAL_PWREx_WKUP2_Callback), (2 bytes).
    Removing stm32h7xx_hal_pwr_ex.o(i.HAL_PWREx_WKUP3_Callback), (2 bytes).
    Removing stm32h7xx_hal_pwr_ex.o(i.HAL_PWREx_WKUP4_Callback), (2 bytes).
    Removing stm32h7xx_hal_pwr_ex.o(i.HAL_PWREx_WKUP5_Callback), (2 bytes).
    Removing stm32h7xx_hal_pwr_ex.o(i.HAL_PWREx_WKUP6_Callback), (2 bytes).
    Removing stm32h7xx_hal_pwr_ex.o(.constdata), (24 bytes).
    Removing stm32h7xx_hal.o(.rev16_text), (4 bytes).
    Removing stm32h7xx_hal.o(.revsh_text), (4 bytes).
    Removing stm32h7xx_hal.o(.rrx_text), (6 bytes).
    Removing stm32h7xx_hal.o(i.HAL_DBGMCU_DisableDBGSleepMode), (20 bytes).
    Removing stm32h7xx_hal.o(i.HAL_DBGMCU_DisableDBGStandbyMode), (20 bytes).
    Removing stm32h7xx_hal.o(i.HAL_DBGMCU_DisableDBGStopMode), (20 bytes).
    Removing stm32h7xx_hal.o(i.HAL_DBGMCU_EnableDBGSleepMode), (20 bytes).
    Removing stm32h7xx_hal.o(i.HAL_DBGMCU_EnableDBGStandbyMode), (20 bytes).
    Removing stm32h7xx_hal.o(i.HAL_DBGMCU_EnableDBGStopMode), (20 bytes).
    Removing stm32h7xx_hal.o(i.HAL_DeInit), (108 bytes).
    Removing stm32h7xx_hal.o(i.HAL_DisableCompensationCell), (20 bytes).
    Removing stm32h7xx_hal.o(i.HAL_DisableDomain3DBGStandbyMode), (20 bytes).
    Removing stm32h7xx_hal.o(i.HAL_DisableDomain3DBGStopMode), (20 bytes).
    Removing stm32h7xx_hal.o(i.HAL_EXTI_D1_ClearFlag), (36 bytes).
    Removing stm32h7xx_hal.o(i.HAL_EXTI_D1_EventInputConfig), (168 bytes).
    Removing stm32h7xx_hal.o(i.HAL_EXTI_D3_EventInputConfig), (164 bytes).
    Removing stm32h7xx_hal.o(i.HAL_EXTI_EdgeConfig), (144 bytes).
    Removing stm32h7xx_hal.o(i.HAL_EXTI_GenerateSWInterrupt), (32 bytes).
    Removing stm32h7xx_hal.o(i.HAL_EnableCompensationCell), (20 bytes).
    Removing stm32h7xx_hal.o(i.HAL_EnableDomain3DBGStandbyMode), (20 bytes).
    Removing stm32h7xx_hal.o(i.HAL_EnableDomain3DBGStopMode), (20 bytes).
    Removing stm32h7xx_hal.o(i.HAL_GetDEVID), (16 bytes).
    Removing stm32h7xx_hal.o(i.HAL_GetFMCMemorySwappingConfig), (16 bytes).
    Removing stm32h7xx_hal.o(i.HAL_GetHalVersion), (8 bytes).
    Removing stm32h7xx_hal.o(i.HAL_GetREVID), (12 bytes).
    Removing stm32h7xx_hal.o(i.HAL_GetTickFreq), (12 bytes).
    Removing stm32h7xx_hal.o(i.HAL_GetTickPrio), (12 bytes).
    Removing stm32h7xx_hal.o(i.HAL_MspDeInit), (2 bytes).
    Removing stm32h7xx_hal.o(i.HAL_MspInit), (2 bytes).
    Removing stm32h7xx_hal.o(i.HAL_ResumeTick), (18 bytes).
    Removing stm32h7xx_hal.o(i.HAL_SYSCFG_AnalogSwitchConfig), (20 bytes).
    Removing stm32h7xx_hal.o(i.HAL_SYSCFG_CM7BootAddConfig), (64 bytes).
    Removing stm32h7xx_hal.o(i.HAL_SYSCFG_CompensationCodeConfig), (24 bytes).
    Removing stm32h7xx_hal.o(i.HAL_SYSCFG_CompensationCodeSelect), (20 bytes).
    Removing stm32h7xx_hal.o(i.HAL_SYSCFG_DisableBOOST), (20 bytes).
    Removing stm32h7xx_hal.o(i.HAL_SYSCFG_DisableIOSpeedOptimize), (20 bytes).
    Removing stm32h7xx_hal.o(i.HAL_SYSCFG_DisableVREFBUF), (20 bytes).
    Removing stm32h7xx_hal.o(i.HAL_SYSCFG_ETHInterfaceSelect), (20 bytes).
    Removing stm32h7xx_hal.o(i.HAL_SYSCFG_EnableBOOST), (20 bytes).
    Removing stm32h7xx_hal.o(i.HAL_SYSCFG_EnableIOSpeedOptimize), (20 bytes).
    Removing stm32h7xx_hal.o(i.HAL_SYSCFG_EnableVREFBUF), (60 bytes).
    Removing stm32h7xx_hal.o(i.HAL_SYSCFG_VREFBUF_HighImpedanceConfig), (20 bytes).
    Removing stm32h7xx_hal.o(i.HAL_SYSCFG_VREFBUF_TrimmingConfig), (20 bytes).
    Removing stm32h7xx_hal.o(i.HAL_SYSCFG_VREFBUF_VoltageScalingConfig), (20 bytes).
    Removing stm32h7xx_hal.o(i.HAL_SetFMCMemorySwappingConfig), (20 bytes).
    Removing stm32h7xx_hal.o(i.HAL_SetTickFreq), (40 bytes).
    Removing stm32h7xx_hal.o(i.HAL_SuspendTick), (18 bytes).
    Removing stm32h7xx_hal.o(.constdata), (24 bytes).
    Removing stm32h7xx_hal_i2c.o(.rev16_text), (4 bytes).
    Removing stm32h7xx_hal_i2c.o(.revsh_text), (4 bytes).
    Removing stm32h7xx_hal_i2c.o(.rrx_text), (6 bytes).
    Removing stm32h7xx_hal_i2c.o(i.HAL_I2C_AbortCpltCallback), (2 bytes).
    Removing stm32h7xx_hal_i2c.o(i.HAL_I2C_AddrCallback), (2 bytes).
    Removing stm32h7xx_hal_i2c.o(i.HAL_I2C_DeInit), (60 bytes).
    Removing stm32h7xx_hal_i2c.o(i.HAL_I2C_DisableListen_IT), (54 bytes).
    Removing stm32h7xx_hal_i2c.o(i.HAL_I2C_ER_IRQHandler), (114 bytes).
    Removing stm32h7xx_hal_i2c.o(i.HAL_I2C_EV_IRQHandler), (28 bytes).
    Removing stm32h7xx_hal_i2c.o(i.HAL_I2C_EnableListen_IT), (44 bytes).
    Removing stm32h7xx_hal_i2c.o(i.HAL_I2C_ErrorCallback), (2 bytes).
    Removing stm32h7xx_hal_i2c.o(i.HAL_I2C_GetError), (6 bytes).
    Removing stm32h7xx_hal_i2c.o(i.HAL_I2C_GetMode), (8 bytes).
    Removing stm32h7xx_hal_i2c.o(i.HAL_I2C_GetState), (8 bytes).
    Removing stm32h7xx_hal_i2c.o(i.HAL_I2C_Init), (196 bytes).
    Removing stm32h7xx_hal_i2c.o(i.HAL_I2C_IsDeviceReady), (344 bytes).
    Removing stm32h7xx_hal_i2c.o(i.HAL_I2C_ListenCpltCallback), (2 bytes).
    Removing stm32h7xx_hal_i2c.o(i.HAL_I2C_MasterRxCpltCallback), (2 bytes).
    Removing stm32h7xx_hal_i2c.o(i.HAL_I2C_MasterTxCpltCallback), (2 bytes).
    Removing stm32h7xx_hal_i2c.o(i.HAL_I2C_Master_Abort_IT), (104 bytes).
    Removing stm32h7xx_hal_i2c.o(i.HAL_I2C_Master_Receive), (380 bytes).
    Removing stm32h7xx_hal_i2c.o(i.HAL_I2C_Master_Receive_DMA), (292 bytes).
    Removing stm32h7xx_hal_i2c.o(i.HAL_I2C_Master_Receive_IT), (172 bytes).
    Removing stm32h7xx_hal_i2c.o(i.HAL_I2C_Master_Sequential_Receive_IT), (172 bytes).
    Removing stm32h7xx_hal_i2c.o(i.HAL_I2C_Master_Sequential_Transmit_IT), (172 bytes).
    Removing stm32h7xx_hal_i2c.o(i.HAL_I2C_Master_Transmit), (372 bytes).
    Removing stm32h7xx_hal_i2c.o(i.HAL_I2C_Master_Transmit_DMA), (292 bytes).
    Removing stm32h7xx_hal_i2c.o(i.HAL_I2C_Master_Transmit_IT), (172 bytes).
    Removing stm32h7xx_hal_i2c.o(i.HAL_I2C_MemRxCpltCallback), (2 bytes).
    Removing stm32h7xx_hal_i2c.o(i.HAL_I2C_MemTxCpltCallback), (2 bytes).
    Removing stm32h7xx_hal_i2c.o(i.HAL_I2C_Mem_Read), (444 bytes).
    Removing stm32h7xx_hal_i2c.o(i.HAL_I2C_Mem_Read_DMA), (316 bytes).
    Removing stm32h7xx_hal_i2c.o(i.HAL_I2C_Mem_Read_IT), (244 bytes).
    Removing stm32h7xx_hal_i2c.o(i.HAL_I2C_Mem_Write), (440 bytes).
    Removing stm32h7xx_hal_i2c.o(i.HAL_I2C_Mem_Write_DMA), (312 bytes).
    Removing stm32h7xx_hal_i2c.o(i.HAL_I2C_Mem_Write_IT), (240 bytes).
    Removing stm32h7xx_hal_i2c.o(i.HAL_I2C_MspDeInit), (2 bytes).
    Removing stm32h7xx_hal_i2c.o(i.HAL_I2C_MspInit), (2 bytes).
    Removing stm32h7xx_hal_i2c.o(i.HAL_I2C_SlaveRxCpltCallback), (2 bytes).
    Removing stm32h7xx_hal_i2c.o(i.HAL_I2C_SlaveTxCpltCallback), (2 bytes).
    Removing stm32h7xx_hal_i2c.o(i.HAL_I2C_Slave_Receive), (378 bytes).
    Removing stm32h7xx_hal_i2c.o(i.HAL_I2C_Slave_Receive_DMA), (184 bytes).
    Removing stm32h7xx_hal_i2c.o(i.HAL_I2C_Slave_Receive_IT), (116 bytes).
    Removing stm32h7xx_hal_i2c.o(i.HAL_I2C_Slave_Sequential_Receive_IT), (168 bytes).
    Removing stm32h7xx_hal_i2c.o(i.HAL_I2C_Slave_Sequential_Transmit_IT), (168 bytes).
    Removing stm32h7xx_hal_i2c.o(i.HAL_I2C_Slave_Transmit), (392 bytes).
    Removing stm32h7xx_hal_i2c.o(i.HAL_I2C_Slave_Transmit_DMA), (184 bytes).
    Removing stm32h7xx_hal_i2c.o(i.HAL_I2C_Slave_Transmit_IT), (116 bytes).
    Removing stm32h7xx_hal_i2c.o(i.I2C_DMAAbort), (58 bytes).
    Removing stm32h7xx_hal_i2c.o(i.I2C_DMAError), (28 bytes).
    Removing stm32h7xx_hal_i2c.o(i.I2C_DMAMasterReceiveCplt), (82 bytes).
    Removing stm32h7xx_hal_i2c.o(i.I2C_DMAMasterTransmitCplt), (82 bytes).
    Removing stm32h7xx_hal_i2c.o(i.I2C_DMASlaveReceiveCplt), (2 bytes).
    Removing stm32h7xx_hal_i2c.o(i.I2C_DMASlaveTransmitCplt), (2 bytes).
    Removing stm32h7xx_hal_i2c.o(i.I2C_Disable_IRQ), (124 bytes).
    Removing stm32h7xx_hal_i2c.o(i.I2C_Enable_IRQ), (140 bytes).
    Removing stm32h7xx_hal_i2c.o(i.I2C_Flush_TXDR), (40 bytes).
    Removing stm32h7xx_hal_i2c.o(i.I2C_ITAddrCplt), (210 bytes).
    Removing stm32h7xx_hal_i2c.o(i.I2C_ITError), (280 bytes).
    Removing stm32h7xx_hal_i2c.o(i.I2C_ITListenCplt), (108 bytes).
    Removing stm32h7xx_hal_i2c.o(i.I2C_ITMasterCplt), (232 bytes).
    Removing stm32h7xx_hal_i2c.o(i.I2C_ITMasterSequentialCplt), (98 bytes).
    Removing stm32h7xx_hal_i2c.o(i.I2C_ITSlaveCplt), (340 bytes).
    Removing stm32h7xx_hal_i2c.o(i.I2C_ITSlaveSequentialCplt), (98 bytes).
    Removing stm32h7xx_hal_i2c.o(i.I2C_IsAcknowledgeFailed), (140 bytes).
    Removing stm32h7xx_hal_i2c.o(i.I2C_Master_ISR_DMA), (252 bytes).
    Removing stm32h7xx_hal_i2c.o(i.I2C_Master_ISR_IT), (398 bytes).
    Removing stm32h7xx_hal_i2c.o(i.I2C_RequestMemoryRead), (144 bytes).
    Removing stm32h7xx_hal_i2c.o(i.I2C_RequestMemoryWrite), (144 bytes).
    Removing stm32h7xx_hal_i2c.o(i.I2C_Slave_ISR_DMA), (180 bytes).
    Removing stm32h7xx_hal_i2c.o(i.I2C_Slave_ISR_IT), (320 bytes).
    Removing stm32h7xx_hal_i2c.o(i.I2C_TransferConfig), (52 bytes).
    Removing stm32h7xx_hal_i2c.o(i.I2C_WaitOnFlagUntilTimeout), (86 bytes).
    Removing stm32h7xx_hal_i2c.o(i.I2C_WaitOnRXNEFlagUntilTimeout), (144 bytes).
    Removing stm32h7xx_hal_i2c.o(i.I2C_WaitOnSTOPFlagUntilTimeout), (86 bytes).
    Removing stm32h7xx_hal_i2c.o(i.I2C_WaitOnTXISFlagUntilTimeout), (90 bytes).
    Removing stm32h7xx_hal_i2c.o(.constdata), (24 bytes).
    Removing stm32h7xx_hal_i2c_ex.o(.rev16_text), (4 bytes).
    Removing stm32h7xx_hal_i2c_ex.o(.revsh_text), (4 bytes).
    Removing stm32h7xx_hal_i2c_ex.o(.rrx_text), (6 bytes).
    Removing stm32h7xx_hal_i2c_ex.o(i.HAL_I2CEx_ConfigAnalogFilter), (106 bytes).
    Removing stm32h7xx_hal_i2c_ex.o(i.HAL_I2CEx_ConfigDigitalFilter), (106 bytes).
    Removing stm32h7xx_hal_i2c_ex.o(i.HAL_I2CEx_DisableFastModePlus), (52 bytes).
    Removing stm32h7xx_hal_i2c_ex.o(i.HAL_I2CEx_DisableWakeUp), (96 bytes).
    Removing stm32h7xx_hal_i2c_ex.o(i.HAL_I2CEx_EnableFastModePlus), (52 bytes).
    Removing stm32h7xx_hal_i2c_ex.o(i.HAL_I2CEx_EnableWakeUp), (96 bytes).
    Removing stm32h7xx_hal_i2c_ex.o(.constdata), (24 bytes).
    Removing system_stm32h7xx.o(.rev16_text), (4 bytes).
    Removing system_stm32h7xx.o(.revsh_text), (4 bytes).
    Removing system_stm32h7xx.o(.rrx_text), (6 bytes).
    Removing system_stm32h7xx.o(i.SystemCoreClockUpdate), (532 bytes).

460 unused section(s) (total 39662 bytes) removed from the image.

==============================================================================

Image Symbol Table

    Local Symbols

    Symbol Name                              Value     Ov Type        Size  Object(Section)

    ..//Src/system_stm32h7xx.c               0x00000000   Number         0  system_stm32h7xx.o ABSOLUTE
    ../Drivers/STM32H7xx_HAL_Driver/Src/stm32h7xx_hal.c 0x00000000   Number         0  stm32h7xx_hal.o ABSOLUTE
    ../Drivers/STM32H7xx_HAL_Driver/Src/stm32h7xx_hal_cortex.c 0x00000000   Number         0  stm32h7xx_hal_cortex.o ABSOLUTE
    ../Drivers/STM32H7xx_HAL_Driver/Src/stm32h7xx_hal_dma.c 0x00000000   Number         0  stm32h7xx_hal_dma.o ABSOLUTE
    ../Drivers/STM32H7xx_HAL_Driver/Src/stm32h7xx_hal_dma_ex.c 0x00000000   Number         0  stm32h7xx_hal_dma_ex.o ABSOLUTE
    ../Drivers/STM32H7xx_HAL_Driver/Src/stm32h7xx_hal_flash.c 0x00000000   Number         0  stm32h7xx_hal_flash.o ABSOLUTE
    ../Drivers/STM32H7xx_HAL_Driver/Src/stm32h7xx_hal_flash_ex.c 0x00000000   Number         0  stm32h7xx_hal_flash_ex.o ABSOLUTE
    ../Drivers/STM32H7xx_HAL_Driver/Src/stm32h7xx_hal_gpio.c 0x00000000   Number         0  stm32h7xx_hal_gpio.o ABSOLUTE
    ../Drivers/STM32H7xx_HAL_Driver/Src/stm32h7xx_hal_hsem.c 0x00000000   Number         0  stm32h7xx_hal_hsem.o ABSOLUTE
    ../Drivers/STM32H7xx_HAL_Driver/Src/stm32h7xx_hal_i2c.c 0x00000000   Number         0  stm32h7xx_hal_i2c.o ABSOLUTE
    ../Drivers/STM32H7xx_HAL_Driver/Src/stm32h7xx_hal_i2c_ex.c 0x00000000   Number         0  stm32h7xx_hal_i2c_ex.o ABSOLUTE
    ../Drivers/STM32H7xx_HAL_Driver/Src/stm32h7xx_hal_mdma.c 0x00000000   Number         0  stm32h7xx_hal_mdma.o ABSOLUTE
    ../Drivers/STM32H7xx_HAL_Driver/Src/stm32h7xx_hal_pwr.c 0x00000000   Number         0  stm32h7xx_hal_pwr.o ABSOLUTE
    ../Drivers/STM32H7xx_HAL_Driver/Src/stm32h7xx_hal_pwr_ex.c 0x00000000   Number         0  stm32h7xx_hal_pwr_ex.o ABSOLUTE
    ../Drivers/STM32H7xx_HAL_Driver/Src/stm32h7xx_hal_rcc.c 0x00000000   Number         0  stm32h7xx_hal_rcc.o ABSOLUTE
    ../Drivers/STM32H7xx_HAL_Driver/Src/stm32h7xx_hal_rcc_ex.c 0x00000000   Number         0  stm32h7xx_hal_rcc_ex.o ABSOLUTE
    ../Drivers/STM32H7xx_HAL_Driver/Src/stm32h7xx_hal_tim.c 0x00000000   Number         0  stm32h7xx_hal_tim.o ABSOLUTE
    ../Drivers/STM32H7xx_HAL_Driver/Src/stm32h7xx_hal_tim_ex.c 0x00000000   Number         0  stm32h7xx_hal_tim_ex.o ABSOLUTE
    ../Drivers/STM32H7xx_HAL_Driver/Src/stm32h7xx_hal_uart.c 0x00000000   Number         0  stm32h7xx_hal_uart.o ABSOLUTE
    ../Drivers/STM32H7xx_HAL_Driver/Src/stm32h7xx_hal_uart_ex.c 0x00000000   Number         0  stm32h7xx_hal_uart_ex.o ABSOLUTE
    ../Src/main.c                            0x00000000   Number         0  main.o ABSOLUTE
    ../Src/stm32h7xx_hal_msp.c               0x00000000   Number         0  stm32h7xx_hal_msp.o ABSOLUTE
    ../Src/stm32h7xx_it.c                    0x00000000   Number         0  stm32h7xx_it.o ABSOLUTE
    ../clib/microlib/division.c              0x00000000   Number         0  uldiv.o ABSOLUTE
    ../clib/microlib/init/entry.s            0x00000000   Number         0  entry9b.o ABSOLUTE
    ../clib/microlib/init/entry.s            0x00000000   Number         0  entry2.o ABSOLUTE
    ../clib/microlib/init/entry.s            0x00000000   Number         0  entry9a.o ABSOLUTE
    ../clib/microlib/init/entry.s            0x00000000   Number         0  entry.o ABSOLUTE
    ../clib/microlib/init/entry.s            0x00000000   Number         0  entry8b.o ABSOLUTE
    ../clib/microlib/init/entry.s            0x00000000   Number         0  entry7b.o ABSOLUTE
    ../clib/microlib/init/entry.s            0x00000000   Number         0  entry7a.o ABSOLUTE
    ../clib/microlib/init/entry.s            0x00000000   Number         0  entry8a.o ABSOLUTE
    ../clib/microlib/init/entry.s            0x00000000   Number         0  entry5.o ABSOLUTE
    ../clib/microlib/init/entry.s            0x00000000   Number         0  entry10b.o ABSOLUTE
    ../clib/microlib/init/entry.s            0x00000000   Number         0  entry10a.o ABSOLUTE
    ../clib/microlib/init/entry.s            0x00000000   Number         0  entry11a.o ABSOLUTE
    ../clib/microlib/init/entry.s            0x00000000   Number         0  entry11b.o ABSOLUTE
    ../clib/microlib/longlong.c              0x00000000   Number         0  llushr.o ABSOLUTE
    ../clib/microlib/longlong.c              0x00000000   Number         0  llshl.o ABSOLUTE
    ..\Drivers\STM32H7xx_HAL_Driver\Src\stm32h7xx_hal.c 0x00000000   Number         0  stm32h7xx_hal.o ABSOLUTE
    ..\Drivers\STM32H7xx_HAL_Driver\Src\stm32h7xx_hal_cortex.c 0x00000000   Number         0  stm32h7xx_hal_cortex.o ABSOLUTE
    ..\Drivers\STM32H7xx_HAL_Driver\Src\stm32h7xx_hal_dma.c 0x00000000   Number         0  stm32h7xx_hal_dma.o ABSOLUTE
    ..\Drivers\STM32H7xx_HAL_Driver\Src\stm32h7xx_hal_dma_ex.c 0x00000000   Number         0  stm32h7xx_hal_dma_ex.o ABSOLUTE
    ..\Drivers\STM32H7xx_HAL_Driver\Src\stm32h7xx_hal_flash.c 0x00000000   Number         0  stm32h7xx_hal_flash.o ABSOLUTE
    ..\Drivers\STM32H7xx_HAL_Driver\Src\stm32h7xx_hal_flash_ex.c 0x00000000   Number         0  stm32h7xx_hal_flash_ex.o ABSOLUTE
    ..\Drivers\STM32H7xx_HAL_Driver\Src\stm32h7xx_hal_gpio.c 0x00000000   Number         0  stm32h7xx_hal_gpio.o ABSOLUTE
    ..\Drivers\STM32H7xx_HAL_Driver\Src\stm32h7xx_hal_hsem.c 0x00000000   Number         0  stm32h7xx_hal_hsem.o ABSOLUTE
    ..\Drivers\STM32H7xx_HAL_Driver\Src\stm32h7xx_hal_i2c.c 0x00000000   Number         0  stm32h7xx_hal_i2c.o ABSOLUTE
    ..\Drivers\STM32H7xx_HAL_Driver\Src\stm32h7xx_hal_i2c_ex.c 0x00000000   Number         0  stm32h7xx_hal_i2c_ex.o ABSOLUTE
    ..\Drivers\STM32H7xx_HAL_Driver\Src\stm32h7xx_hal_mdma.c 0x00000000   Number         0  stm32h7xx_hal_mdma.o ABSOLUTE
    ..\Drivers\STM32H7xx_HAL_Driver\Src\stm32h7xx_hal_pwr.c 0x00000000   Number         0  stm32h7xx_hal_pwr.o ABSOLUTE
    ..\Drivers\STM32H7xx_HAL_Driver\Src\stm32h7xx_hal_pwr_ex.c 0x00000000   Number         0  stm32h7xx_hal_pwr_ex.o ABSOLUTE
    ..\Drivers\STM32H7xx_HAL_Driver\Src\stm32h7xx_hal_rcc.c 0x00000000   Number         0  stm32h7xx_hal_rcc.o ABSOLUTE
    ..\Drivers\STM32H7xx_HAL_Driver\Src\stm32h7xx_hal_rcc_ex.c 0x00000000   Number         0  stm32h7xx_hal_rcc_ex.o ABSOLUTE
    ..\Drivers\STM32H7xx_HAL_Driver\Src\stm32h7xx_hal_tim.c 0x00000000   Number         0  stm32h7xx_hal_tim.o ABSOLUTE
    ..\Drivers\STM32H7xx_HAL_Driver\Src\stm32h7xx_hal_tim_ex.c 0x00000000   Number         0  stm32h7xx_hal_tim_ex.o ABSOLUTE
    ..\Drivers\STM32H7xx_HAL_Driver\Src\stm32h7xx_hal_uart.c 0x00000000   Number         0  stm32h7xx_hal_uart.o ABSOLUTE
    ..\Drivers\STM32H7xx_HAL_Driver\Src\stm32h7xx_hal_uart_ex.c 0x00000000   Number         0  stm32h7xx_hal_uart_ex.o ABSOLUTE
    ..\Src\main.c                            0x00000000   Number         0  main.o ABSOLUTE
    ..\Src\stm32h7xx_hal_msp.c               0x00000000   Number         0  stm32h7xx_hal_msp.o ABSOLUTE
    ..\Src\stm32h7xx_it.c                    0x00000000   Number         0  stm32h7xx_it.o ABSOLUTE
    ..\\Src\system_stm32h7xx.c               0x00000000   Number         0  system_stm32h7xx.o ABSOLUTE
    dc.s                                     0x00000000   Number         0  dc.o ABSOLUTE
    handlers.s                               0x00000000   Number         0  handlers.o ABSOLUTE
    init.s                                   0x00000000   Number         0  init.o ABSOLUTE
    startup_stm32h743xx.s                    0x00000000   Number         0  startup_stm32h743xx.o ABSOLUTE
    RESET                                    0x08000000   Section      664  startup_stm32h743xx.o(RESET)
    .ARM.Collect$$$$00000000                 0x08000298   Section        0  entry.o(.ARM.Collect$$$$00000000)
    .ARM.Collect$$$$00000001                 0x08000298   Section        4  entry2.o(.ARM.Collect$$$$00000001)
    .ARM.Collect$$$$00000004                 0x0800029c   Section        4  entry5.o(.ARM.Collect$$$$00000004)
    .ARM.Collect$$$$00000008                 0x080002a0   Section        0  entry7b.o(.ARM.Collect$$$$00000008)
    .ARM.Collect$$$$0000000A                 0x080002a0   Section        0  entry8b.o(.ARM.Collect$$$$0000000A)
    .ARM.Collect$$$$0000000B                 0x080002a0   Section        8  entry9a.o(.ARM.Collect$$$$0000000B)
    .ARM.Collect$$$$0000000D                 0x080002a8   Section        0  entry10a.o(.ARM.Collect$$$$0000000D)
    .ARM.Collect$$$$0000000F                 0x080002a8   Section        0  entry11a.o(.ARM.Collect$$$$0000000F)
    .ARM.Collect$$$$00002712                 0x080002a8   Section        4  entry2.o(.ARM.Collect$$$$00002712)
    __lit__00000000                          0x080002a8   Data           4  entry2.o(.ARM.Collect$$$$00002712)
    .text                                    0x080002ac   Section       36  startup_stm32h743xx.o(.text)
    $v0                                      0x080002ac   Number         0  startup_stm32h743xx.o(.text)
    .text                                    0x080002d0   Section        0  uldiv.o(.text)
    .text                                    0x08000332   Section        0  llshl.o(.text)
    .text                                    0x08000350   Section        0  llushr.o(.text)
    .text                                    0x08000370   Section       36  init.o(.text)
    i.BusFault_Handler                       0x08000394   Section        0  stm32h7xx_it.o(i.BusFault_Handler)
    i.DebugMon_Handler                       0x08000398   Section        0  stm32h7xx_it.o(i.DebugMon_Handler)
    i.HAL_DMA_Abort_IT                       0x0800039c   Section        0  stm32h7xx_hal_dma.o(i.HAL_DMA_Abort_IT)
    i.HAL_Delay                              0x08000494   Section        0  stm32h7xx_hal.o(i.HAL_Delay)
    i.HAL_GPIO_Init                          0x080004bc   Section        0  stm32h7xx_hal_gpio.o(i.HAL_GPIO_Init)
    i.HAL_GPIO_TogglePin                     0x08000708   Section        0  stm32h7xx_hal_gpio.o(i.HAL_GPIO_TogglePin)
    i.HAL_GPIO_WritePin                      0x08000710   Section        0  stm32h7xx_hal_gpio.o(i.HAL_GPIO_WritePin)
    i.HAL_GetTick                            0x0800071c   Section        0  stm32h7xx_hal.o(i.HAL_GetTick)
    i.HAL_IncTick                            0x08000728   Section        0  stm32h7xx_hal.o(i.HAL_IncTick)
    i.HAL_Init                               0x08000740   Section        0  stm32h7xx_hal.o(i.HAL_Init)
    i.HAL_InitTick                           0x0800075c   Section        0  stm32h7xx_hal.o(i.HAL_InitTick)
    i.HAL_MspInit                            0x080007a8   Section        0  stm32h7xx_hal_msp.o(i.HAL_MspInit)
    i.HAL_NVIC_EnableIRQ                     0x08000820   Section        0  stm32h7xx_hal_cortex.o(i.HAL_NVIC_EnableIRQ)
    i.HAL_NVIC_SetPriority                   0x08000840   Section        0  stm32h7xx_hal_cortex.o(i.HAL_NVIC_SetPriority)
    i.HAL_NVIC_SetPriorityGrouping           0x080008bc   Section        0  stm32h7xx_hal_cortex.o(i.HAL_NVIC_SetPriorityGrouping)
    i.HAL_RCCEx_GetD1SysClockFreq            0x080008e4   Section        0  stm32h7xx_hal_rcc_ex.o(i.HAL_RCCEx_GetD1SysClockFreq)
    i.HAL_RCCEx_GetD3PCLK1Freq               0x0800091c   Section        0  stm32h7xx_hal_rcc_ex.o(i.HAL_RCCEx_GetD3PCLK1Freq)
    i.HAL_RCCEx_GetPLL2ClockFreq             0x08000948   Section        0  stm32h7xx_hal_rcc_ex.o(i.HAL_RCCEx_GetPLL2ClockFreq)
    i.HAL_RCCEx_GetPLL3ClockFreq             0x08000b74   Section        0  stm32h7xx_hal_rcc_ex.o(i.HAL_RCCEx_GetPLL3ClockFreq)
    i.HAL_RCCEx_PeriphCLKConfig              0x08000da0   Section        0  stm32h7xx_hal_rcc_ex.o(i.HAL_RCCEx_PeriphCLKConfig)
    i.HAL_RCC_ClockConfig                    0x080018d8   Section        0  stm32h7xx_hal_rcc.o(i.HAL_RCC_ClockConfig)
    i.HAL_RCC_GetHCLKFreq                    0x08001b28   Section        0  stm32h7xx_hal_rcc.o(i.HAL_RCC_GetHCLKFreq)
    i.HAL_RCC_GetPCLK1Freq                   0x08001b60   Section        0  stm32h7xx_hal_rcc.o(i.HAL_RCC_GetPCLK1Freq)
    i.HAL_RCC_GetPCLK2Freq                   0x08001b8c   Section        0  stm32h7xx_hal_rcc.o(i.HAL_RCC_GetPCLK2Freq)
    i.HAL_RCC_GetSysClockFreq                0x08001bb8   Section        0  stm32h7xx_hal_rcc.o(i.HAL_RCC_GetSysClockFreq)
    i.HAL_RCC_OscConfig                      0x08001dfc   Section        0  stm32h7xx_hal_rcc.o(i.HAL_RCC_OscConfig)
    i.HAL_SYSTICK_CLKSourceConfig            0x080024b8   Section        0  stm32h7xx_hal_cortex.o(i.HAL_SYSTICK_CLKSourceConfig)
    i.HAL_SYSTICK_Callback                   0x080024e0   Section        0  stm32h7xx_hal_cortex.o(i.HAL_SYSTICK_Callback)
    i.HAL_SYSTICK_Config                     0x080024e2   Section        0  stm32h7xx_hal_cortex.o(i.HAL_SYSTICK_Config)
    i.HAL_SYSTICK_IRQHandler                 0x08002516   Section        0  stm32h7xx_hal_cortex.o(i.HAL_SYSTICK_IRQHandler)
    i.HAL_UARTEx_WakeupCallback              0x0800251e   Section        0  stm32h7xx_hal_uart_ex.o(i.HAL_UARTEx_WakeupCallback)
    i.HAL_UART_ErrorCallback                 0x08002520   Section        0  stm32h7xx_hal_uart.o(i.HAL_UART_ErrorCallback)
    i.HAL_UART_IRQHandler                    0x08002524   Section        0  stm32h7xx_hal_uart.o(i.HAL_UART_IRQHandler)
    i.HAL_UART_Init                          0x080026e0   Section        0  stm32h7xx_hal_uart.o(i.HAL_UART_Init)
    i.HAL_UART_MspInit                       0x08002758   Section        0  stm32h7xx_hal_msp.o(i.HAL_UART_MspInit)
    i.HAL_UART_Receive_IT                    0x080027b0   Section        0  stm32h7xx_hal_uart.o(i.HAL_UART_Receive_IT)
    i.HAL_UART_RxCpltCallback                0x08002890   Section        0  stm32h7xx_it.o(i.HAL_UART_RxCpltCallback)
    i.HAL_UART_Transmit                      0x080028ac   Section        0  stm32h7xx_hal_uart.o(i.HAL_UART_Transmit)
    i.HAL_UART_TxCpltCallback                0x08002972   Section        0  stm32h7xx_hal_uart.o(i.HAL_UART_TxCpltCallback)
    i.HardFault_Handler                      0x08002974   Section        0  stm32h7xx_it.o(i.HardFault_Handler)
    i.MX_GPIO_Init                           0x08002978   Section        0  main.o(i.MX_GPIO_Init)
    MX_GPIO_Init                             0x08002979   Thumb Code   122  main.o(i.MX_GPIO_Init)
    i.MX_NVIC_Init                           0x080029fc   Section        0  main.o(i.MX_NVIC_Init)
    MX_NVIC_Init                             0x080029fd   Thumb Code    20  main.o(i.MX_NVIC_Init)
    i.MX_USART1_UART_Init                    0x08002a10   Section        0  main.o(i.MX_USART1_UART_Init)
    MX_USART1_UART_Init                      0x08002a11   Thumb Code    66  main.o(i.MX_USART1_UART_Init)
    i.MemManage_Handler                      0x08002a70   Section        0  stm32h7xx_it.o(i.MemManage_Handler)
    i.NMI_Handler                            0x08002a74   Section        0  stm32h7xx_it.o(i.NMI_Handler)
    i.PendSV_Handler                         0x08002a76   Section        0  stm32h7xx_it.o(i.PendSV_Handler)
    i.RCCEx_PLL2_Config                      0x08002a78   Section        0  stm32h7xx_hal_rcc_ex.o(i.RCCEx_PLL2_Config)
    RCCEx_PLL2_Config                        0x08002a79   Thumb Code   300  stm32h7xx_hal_rcc_ex.o(i.RCCEx_PLL2_Config)
    i.RCCEx_PLL3_Config                      0x08002ba8   Section        0  stm32h7xx_hal_rcc_ex.o(i.RCCEx_PLL3_Config)
    RCCEx_PLL3_Config                        0x08002ba9   Thumb Code   300  stm32h7xx_hal_rcc_ex.o(i.RCCEx_PLL3_Config)
    i.SVC_Handler                            0x08002cd8   Section        0  stm32h7xx_it.o(i.SVC_Handler)
    i.SysTick_Handler                        0x08002cda   Section        0  stm32h7xx_it.o(i.SysTick_Handler)
    i.SystemClock_Config                     0x08002ce8   Section        0  main.o(i.SystemClock_Config)
    i.SystemInit                             0x08002dec   Section        0  system_stm32h7xx.o(i.SystemInit)
    i.UART_AdvFeatureConfig                  0x08002e80   Section        0  stm32h7xx_hal_uart.o(i.UART_AdvFeatureConfig)
    i.UART_CheckIdleState                    0x08002f6a   Section        0  stm32h7xx_hal_uart.o(i.UART_CheckIdleState)
    i.UART_DMAAbortOnError                   0x08002fde   Section        0  stm32h7xx_hal_uart.o(i.UART_DMAAbortOnError)
    UART_DMAAbortOnError                     0x08002fdf   Thumb Code    24  stm32h7xx_hal_uart.o(i.UART_DMAAbortOnError)
    i.UART_EndRxTransfer                     0x08002ff6   Section        0  stm32h7xx_hal_uart.o(i.UART_EndRxTransfer)
    UART_EndRxTransfer                       0x08002ff7   Thumb Code    32  stm32h7xx_hal_uart.o(i.UART_EndRxTransfer)
    i.UART_EndTransmit_IT                    0x08003016   Section        0  stm32h7xx_hal_uart.o(i.UART_EndTransmit_IT)
    UART_EndTransmit_IT                      0x08003017   Thumb Code    32  stm32h7xx_hal_uart.o(i.UART_EndTransmit_IT)
    i.UART_Receive_IT                        0x08003036   Section        0  stm32h7xx_hal_uart.o(i.UART_Receive_IT)
    UART_Receive_IT                          0x08003037   Thumb Code   138  stm32h7xx_hal_uart.o(i.UART_Receive_IT)
    i.UART_SetConfig                         0x080030c0   Section        0  stm32h7xx_hal_uart.o(i.UART_SetConfig)
    i.UART_Transmit_IT                       0x08003a64   Section        0  stm32h7xx_hal_uart.o(i.UART_Transmit_IT)
    UART_Transmit_IT                         0x08003a65   Thumb Code   130  stm32h7xx_hal_uart.o(i.UART_Transmit_IT)
    i.UART_WaitOnFlagUntilTimeout            0x08003ae6   Section        0  stm32h7xx_hal_uart.o(i.UART_WaitOnFlagUntilTimeout)
    i.USART1_IRQHandler                      0x08003b54   Section        0  stm32h7xx_it.o(i.USART1_IRQHandler)
    i.UsageFault_Handler                     0x08003b64   Section        0  stm32h7xx_it.o(i.UsageFault_Handler)
    i._Error_Handler                         0x08003b68   Section        0  main.o(i._Error_Handler)
    i.__NVIC_GetPriorityGrouping             0x08003b6c   Section        0  stm32h7xx_hal_cortex.o(i.__NVIC_GetPriorityGrouping)
    __NVIC_GetPriorityGrouping               0x08003b6d   Thumb Code    10  stm32h7xx_hal_cortex.o(i.__NVIC_GetPriorityGrouping)
    i.__NVIC_SetPriority                     0x08003b7c   Section        0  stm32h7xx_hal_cortex.o(i.__NVIC_SetPriority)
    __NVIC_SetPriority                       0x08003b7d   Thumb Code    32  stm32h7xx_hal_cortex.o(i.__NVIC_SetPriority)
    i.__scatterload_copy                     0x08003ba4   Section       14  handlers.o(i.__scatterload_copy)
    i.__scatterload_null                     0x08003bb2   Section        2  handlers.o(i.__scatterload_null)
    i.__scatterload_zeroinit                 0x08003bb4   Section       14  handlers.o(i.__scatterload_zeroinit)
    i.main                                   0x08003bc4   Section        0  main.o(i.main)
    .constdata                               0x08003c14   Section       24  stm32h7xx_hal_uart.o(.constdata)
    UARTPrescTable                           0x08003c14   Data          24  stm32h7xx_hal_uart.o(.constdata)
    .constdata                               0x08003c2c   Section       40  system_stm32h7xx.o(.constdata)
    UARTPrescTable                           0x08003c2c   Data          24  system_stm32h7xx.o(.constdata)
    .data                                    0x20000000   Section        9  stm32h7xx_hal.o(.data)
    uwTick                                   0x20000000   Data           4  stm32h7xx_hal.o(.data)
    uwTickPrio                               0x20000004   Data           4  stm32h7xx_hal.o(.data)
    uwTickFreq                               0x20000008   Data           1  stm32h7xx_hal.o(.data)
    .data                                    0x2000000c   Section        8  system_stm32h7xx.o(.data)
    .bss                                     0x20000014   Section    10368  main.o(.bss)
    STACK                                    0x20002898   Section     1024  startup_stm32h743xx.o(STACK)

    Global Symbols

    Symbol Name                              Value     Ov Type        Size  Object(Section)

    BuildAttributes$$THM_ISAv4$E$P$D$K$B$S$7EM$VFPv5_D16$PE$PLD8$A:L22UL41UL21$X:L11$S22US41US21$IEEE1$IW$USESV6$~STKCKD$USESV7$~SHL$OSPACE$EBA8$MICROLIB$REQ8$PRES8$EABIv2 0x00000000   Number         0  anon$$obj.o ABSOLUTE
    __ARM_use_no_argv                        0x00000000   Number         0  main.o ABSOLUTE
    __cpp_initialize__aeabi_                  - Undefined Weak Reference
    __cxa_finalize                            - Undefined Weak Reference
    __decompress                              - Undefined Weak Reference
    _clock_init                               - Undefined Weak Reference
    _microlib_exit                            - Undefined Weak Reference
    __Vectors_Size                           0x00000298   Number         0  startup_stm32h743xx.o ABSOLUTE
    __Vectors                                0x08000000   Data           4  startup_stm32h743xx.o(RESET)
    __Vectors_End                            0x08000298   Data           0  startup_stm32h743xx.o(RESET)
    __main                                   0x08000299   Thumb Code     0  entry.o(.ARM.Collect$$$$00000000)
    _main_stk                                0x08000299   Thumb Code     0  entry2.o(.ARM.Collect$$$$00000001)
    _main_scatterload                        0x0800029d   Thumb Code     0  entry5.o(.ARM.Collect$$$$00000004)
    __main_after_scatterload                 0x080002a1   Thumb Code     0  entry5.o(.ARM.Collect$$$$00000004)
    _main_clock                              0x080002a1   Thumb Code     0  entry7b.o(.ARM.Collect$$$$00000008)
    _main_cpp_init                           0x080002a1   Thumb Code     0  entry8b.o(.ARM.Collect$$$$0000000A)
    _main_init                               0x080002a1   Thumb Code     0  entry9a.o(.ARM.Collect$$$$0000000B)
    __rt_final_cpp                           0x080002a9   Thumb Code     0  entry10a.o(.ARM.Collect$$$$0000000D)
    __rt_final_exit                          0x080002a9   Thumb Code     0  entry11a.o(.ARM.Collect$$$$0000000F)
    Reset_Handler                            0x080002ad   Thumb Code     8  startup_stm32h743xx.o(.text)
    ADC3_IRQHandler                          0x080002c7   Thumb Code     0  startup_stm32h743xx.o(.text)
    ADC_IRQHandler                           0x080002c7   Thumb Code     0  startup_stm32h743xx.o(.text)
    BDMA_Channel0_IRQHandler                 0x080002c7   Thumb Code     0  startup_stm32h743xx.o(.text)
    BDMA_Channel1_IRQHandler                 0x080002c7   Thumb Code     0  startup_stm32h743xx.o(.text)
    BDMA_Channel2_IRQHandler                 0x080002c7   Thumb Code     0  startup_stm32h743xx.o(.text)
    BDMA_Channel3_IRQHandler                 0x080002c7   Thumb Code     0  startup_stm32h743xx.o(.text)
    BDMA_Channel4_IRQHandler                 0x080002c7   Thumb Code     0  startup_stm32h743xx.o(.text)
    BDMA_Channel5_IRQHandler                 0x080002c7   Thumb Code     0  startup_stm32h743xx.o(.text)
    BDMA_Channel6_IRQHandler                 0x080002c7   Thumb Code     0  startup_stm32h743xx.o(.text)
    BDMA_Channel7_IRQHandler                 0x080002c7   Thumb Code     0  startup_stm32h743xx.o(.text)
    CEC_IRQHandler                           0x080002c7   Thumb Code     0  startup_stm32h743xx.o(.text)
    COMP1_IRQHandler                         0x080002c7   Thumb Code     0  startup_stm32h743xx.o(.text)
    CRS_IRQHandler                           0x080002c7   Thumb Code     0  startup_stm32h743xx.o(.text)
    DCMI_IRQHandler                          0x080002c7   Thumb Code     0  startup_stm32h743xx.o(.text)
    DFSDM1_FLT0_IRQHandler                   0x080002c7   Thumb Code     0  startup_stm32h743xx.o(.text)
    DFSDM1_FLT1_IRQHandler                   0x080002c7   Thumb Code     0  startup_stm32h743xx.o(.text)
    DFSDM1_FLT2_IRQHandler                   0x080002c7   Thumb Code     0  startup_stm32h743xx.o(.text)
    DFSDM1_FLT3_IRQHandler                   0x080002c7   Thumb Code     0  startup_stm32h743xx.o(.text)
    DMA1_Stream0_IRQHandler                  0x080002c7   Thumb Code     0  startup_stm32h743xx.o(.text)
    DMA1_Stream1_IRQHandler                  0x080002c7   Thumb Code     0  startup_stm32h743xx.o(.text)
    DMA1_Stream2_IRQHandler                  0x080002c7   Thumb Code     0  startup_stm32h743xx.o(.text)
    DMA1_Stream3_IRQHandler                  0x080002c7   Thumb Code     0  startup_stm32h743xx.o(.text)
    DMA1_Stream4_IRQHandler                  0x080002c7   Thumb Code     0  startup_stm32h743xx.o(.text)
    DMA1_Stream5_IRQHandler                  0x080002c7   Thumb Code     0  startup_stm32h743xx.o(.text)
    DMA1_Stream6_IRQHandler                  0x080002c7   Thumb Code     0  startup_stm32h743xx.o(.text)
    DMA1_Stream7_IRQHandler                  0x080002c7   Thumb Code     0  startup_stm32h743xx.o(.text)
    DMA2D_IRQHandler                         0x080002c7   Thumb Code     0  startup_stm32h743xx.o(.text)
    DMA2_Stream0_IRQHandler                  0x080002c7   Thumb Code     0  startup_stm32h743xx.o(.text)
    DMA2_Stream1_IRQHandler                  0x080002c7   Thumb Code     0  startup_stm32h743xx.o(.text)
    DMA2_Stream2_IRQHandler                  0x080002c7   Thumb Code     0  startup_stm32h743xx.o(.text)
    DMA2_Stream3_IRQHandler                  0x080002c7   Thumb Code     0  startup_stm32h743xx.o(.text)
    DMA2_Stream4_IRQHandler                  0x080002c7   Thumb Code     0  startup_stm32h743xx.o(.text)
    DMA2_Stream5_IRQHandler                  0x080002c7   Thumb Code     0  startup_stm32h743xx.o(.text)
    DMA2_Stream6_IRQHandler                  0x080002c7   Thumb Code     0  startup_stm32h743xx.o(.text)
    DMA2_Stream7_IRQHandler                  0x080002c7   Thumb Code     0  startup_stm32h743xx.o(.text)
    DMAMUX1_OVR_IRQHandler                   0x080002c7   Thumb Code     0  startup_stm32h743xx.o(.text)
    DMAMUX2_OVR_IRQHandler                   0x080002c7   Thumb Code     0  startup_stm32h743xx.o(.text)
    ETH_IRQHandler                           0x080002c7   Thumb Code     0  startup_stm32h743xx.o(.text)
    ETH_WKUP_IRQHandler                      0x080002c7   Thumb Code     0  startup_stm32h743xx.o(.text)
    EXTI0_IRQHandler                         0x080002c7   Thumb Code     0  startup_stm32h743xx.o(.text)
    EXTI15_10_IRQHandler                     0x080002c7   Thumb Code     0  startup_stm32h743xx.o(.text)
    EXTI1_IRQHandler                         0x080002c7   Thumb Code     0  startup_stm32h743xx.o(.text)
    EXTI2_IRQHandler                         0x080002c7   Thumb Code     0  startup_stm32h743xx.o(.text)
    EXTI3_IRQHandler                         0x080002c7   Thumb Code     0  startup_stm32h743xx.o(.text)
    EXTI4_IRQHandler                         0x080002c7   Thumb Code     0  startup_stm32h743xx.o(.text)
    EXTI9_5_IRQHandler                       0x080002c7   Thumb Code     0  startup_stm32h743xx.o(.text)
    FDCAN1_IT0_IRQHandler                    0x080002c7   Thumb Code     0  startup_stm32h743xx.o(.text)
    FDCAN1_IT1_IRQHandler                    0x080002c7   Thumb Code     0  startup_stm32h743xx.o(.text)
    FDCAN2_IT0_IRQHandler                    0x080002c7   Thumb Code     0  startup_stm32h743xx.o(.text)
    FDCAN2_IT1_IRQHandler                    0x080002c7   Thumb Code     0  startup_stm32h743xx.o(.text)
    FDCAN_CAL_IRQHandler                     0x080002c7   Thumb Code     0  startup_stm32h743xx.o(.text)
    FLASH_IRQHandler                         0x080002c7   Thumb Code     0  startup_stm32h743xx.o(.text)
    FMC_IRQHandler                           0x080002c7   Thumb Code     0  startup_stm32h743xx.o(.text)
    FPU_IRQHandler                           0x080002c7   Thumb Code     0  startup_stm32h743xx.o(.text)
    HRTIM1_FLT_IRQHandler                    0x080002c7   Thumb Code     0  startup_stm32h743xx.o(.text)
    HRTIM1_Master_IRQHandler                 0x080002c7   Thumb Code     0  startup_stm32h743xx.o(.text)
    HRTIM1_TIMA_IRQHandler                   0x080002c7   Thumb Code     0  startup_stm32h743xx.o(.text)
    HRTIM1_TIMB_IRQHandler                   0x080002c7   Thumb Code     0  startup_stm32h743xx.o(.text)
    HRTIM1_TIMC_IRQHandler                   0x080002c7   Thumb Code     0  startup_stm32h743xx.o(.text)
    HRTIM1_TIMD_IRQHandler                   0x080002c7   Thumb Code     0  startup_stm32h743xx.o(.text)
    HRTIM1_TIME_IRQHandler                   0x080002c7   Thumb Code     0  startup_stm32h743xx.o(.text)
    HSEM1_IRQHandler                         0x080002c7   Thumb Code     0  startup_stm32h743xx.o(.text)
    I2C1_ER_IRQHandler                       0x080002c7   Thumb Code     0  startup_stm32h743xx.o(.text)
    I2C1_EV_IRQHandler                       0x080002c7   Thumb Code     0  startup_stm32h743xx.o(.text)
    I2C2_ER_IRQHandler                       0x080002c7   Thumb Code     0  startup_stm32h743xx.o(.text)
    I2C2_EV_IRQHandler                       0x080002c7   Thumb Code     0  startup_stm32h743xx.o(.text)
    I2C3_ER_IRQHandler                       0x080002c7   Thumb Code     0  startup_stm32h743xx.o(.text)
    I2C3_EV_IRQHandler                       0x080002c7   Thumb Code     0  startup_stm32h743xx.o(.text)
    I2C4_ER_IRQHandler                       0x080002c7   Thumb Code     0  startup_stm32h743xx.o(.text)
    I2C4_EV_IRQHandler                       0x080002c7   Thumb Code     0  startup_stm32h743xx.o(.text)
    JPEG_IRQHandler                          0x080002c7   Thumb Code     0  startup_stm32h743xx.o(.text)
    LPTIM1_IRQHandler                        0x080002c7   Thumb Code     0  startup_stm32h743xx.o(.text)
    LPTIM2_IRQHandler                        0x080002c7   Thumb Code     0  startup_stm32h743xx.o(.text)
    LPTIM3_IRQHandler                        0x080002c7   Thumb Code     0  startup_stm32h743xx.o(.text)
    LPTIM4_IRQHandler                        0x080002c7   Thumb Code     0  startup_stm32h743xx.o(.text)
    LPTIM5_IRQHandler                        0x080002c7   Thumb Code     0  startup_stm32h743xx.o(.text)
    LPUART1_IRQHandler                       0x080002c7   Thumb Code     0  startup_stm32h743xx.o(.text)
    LTDC_ER_IRQHandler                       0x080002c7   Thumb Code     0  startup_stm32h743xx.o(.text)
    LTDC_IRQHandler                          0x080002c7   Thumb Code     0  startup_stm32h743xx.o(.text)
    MDIOS_IRQHandler                         0x080002c7   Thumb Code     0  startup_stm32h743xx.o(.text)
    MDIOS_WKUP_IRQHandler                    0x080002c7   Thumb Code     0  startup_stm32h743xx.o(.text)
    MDMA_IRQHandler                          0x080002c7   Thumb Code     0  startup_stm32h743xx.o(.text)
    OTG_FS_EP1_IN_IRQHandler                 0x080002c7   Thumb Code     0  startup_stm32h743xx.o(.text)
    OTG_FS_EP1_OUT_IRQHandler                0x080002c7   Thumb Code     0  startup_stm32h743xx.o(.text)
    OTG_FS_IRQHandler                        0x080002c7   Thumb Code     0  startup_stm32h743xx.o(.text)
    OTG_FS_WKUP_IRQHandler                   0x080002c7   Thumb Code     0  startup_stm32h743xx.o(.text)
    OTG_HS_EP1_IN_IRQHandler                 0x080002c7   Thumb Code     0  startup_stm32h743xx.o(.text)
    OTG_HS_EP1_OUT_IRQHandler                0x080002c7   Thumb Code     0  startup_stm32h743xx.o(.text)
    OTG_HS_IRQHandler                        0x080002c7   Thumb Code     0  startup_stm32h743xx.o(.text)
    OTG_HS_WKUP_IRQHandler                   0x080002c7   Thumb Code     0  startup_stm32h743xx.o(.text)
    PVD_AVD_IRQHandler                       0x080002c7   Thumb Code     0  startup_stm32h743xx.o(.text)
    QUADSPI_IRQHandler                       0x080002c7   Thumb Code     0  startup_stm32h743xx.o(.text)
    RCC_IRQHandler                           0x080002c7   Thumb Code     0  startup_stm32h743xx.o(.text)
    RNG_IRQHandler                           0x080002c7   Thumb Code     0  startup_stm32h743xx.o(.text)
    RTC_Alarm_IRQHandler                     0x080002c7   Thumb Code     0  startup_stm32h743xx.o(.text)
    RTC_WKUP_IRQHandler                      0x080002c7   Thumb Code     0  startup_stm32h743xx.o(.text)
    SAI1_IRQHandler                          0x080002c7   Thumb Code     0  startup_stm32h743xx.o(.text)
    SAI2_IRQHandler                          0x080002c7   Thumb Code     0  startup_stm32h743xx.o(.text)
    SAI3_IRQHandler                          0x080002c7   Thumb Code     0  startup_stm32h743xx.o(.text)
    SAI4_IRQHandler                          0x080002c7   Thumb Code     0  startup_stm32h743xx.o(.text)
    SDMMC1_IRQHandler                        0x080002c7   Thumb Code     0  startup_stm32h743xx.o(.text)
    SDMMC2_IRQHandler                        0x080002c7   Thumb Code     0  startup_stm32h743xx.o(.text)
    SPDIF_RX_IRQHandler                      0x080002c7   Thumb Code     0  startup_stm32h743xx.o(.text)
    SPI1_IRQHandler                          0x080002c7   Thumb Code     0  startup_stm32h743xx.o(.text)
    SPI2_IRQHandler                          0x080002c7   Thumb Code     0  startup_stm32h743xx.o(.text)
    SPI3_IRQHandler                          0x080002c7   Thumb Code     0  startup_stm32h743xx.o(.text)
    SPI4_IRQHandler                          0x080002c7   Thumb Code     0  startup_stm32h743xx.o(.text)
    SPI5_IRQHandler                          0x080002c7   Thumb Code     0  startup_stm32h743xx.o(.text)
    SPI6_IRQHandler                          0x080002c7   Thumb Code     0  startup_stm32h743xx.o(.text)
    SWPMI1_IRQHandler                        0x080002c7   Thumb Code     0  startup_stm32h743xx.o(.text)
    TAMP_STAMP_IRQHandler                    0x080002c7   Thumb Code     0  startup_stm32h743xx.o(.text)
    TIM15_IRQHandler                         0x080002c7   Thumb Code     0  startup_stm32h743xx.o(.text)
    TIM16_IRQHandler                         0x080002c7   Thumb Code     0  startup_stm32h743xx.o(.text)
    TIM17_IRQHandler                         0x080002c7   Thumb Code     0  startup_stm32h743xx.o(.text)
    TIM1_BRK_IRQHandler                      0x080002c7   Thumb Code     0  startup_stm32h743xx.o(.text)
    TIM1_CC_IRQHandler                       0x080002c7   Thumb Code     0  startup_stm32h743xx.o(.text)
    TIM1_TRG_COM_IRQHandler                  0x080002c7   Thumb Code     0  startup_stm32h743xx.o(.text)
    TIM1_UP_IRQHandler                       0x080002c7   Thumb Code     0  startup_stm32h743xx.o(.text)
    TIM2_IRQHandler                          0x080002c7   Thumb Code     0  startup_stm32h743xx.o(.text)
    TIM3_IRQHandler                          0x080002c7   Thumb Code     0  startup_stm32h743xx.o(.text)
    TIM4_IRQHandler                          0x080002c7   Thumb Code     0  startup_stm32h743xx.o(.text)
    TIM5_IRQHandler                          0x080002c7   Thumb Code     0  startup_stm32h743xx.o(.text)
    TIM6_DAC_IRQHandler                      0x080002c7   Thumb Code     0  startup_stm32h743xx.o(.text)
    TIM7_IRQHandler                          0x080002c7   Thumb Code     0  startup_stm32h743xx.o(.text)
    TIM8_BRK_TIM12_IRQHandler                0x080002c7   Thumb Code     0  startup_stm32h743xx.o(.text)
    TIM8_CC_IRQHandler                       0x080002c7   Thumb Code     0  startup_stm32h743xx.o(.text)
    TIM8_TRG_COM_TIM14_IRQHandler            0x080002c7   Thumb Code     0  startup_stm32h743xx.o(.text)
    TIM8_UP_TIM13_IRQHandler                 0x080002c7   Thumb Code     0  startup_stm32h743xx.o(.text)
    UART4_IRQHandler                         0x080002c7   Thumb Code     0  startup_stm32h743xx.o(.text)
    UART5_IRQHandler                         0x080002c7   Thumb Code     0  startup_stm32h743xx.o(.text)
    UART7_IRQHandler                         0x080002c7   Thumb Code     0  startup_stm32h743xx.o(.text)
    UART8_IRQHandler                         0x080002c7   Thumb Code     0  startup_stm32h743xx.o(.text)
    USART2_IRQHandler                        0x080002c7   Thumb Code     0  startup_stm32h743xx.o(.text)
    USART3_IRQHandler                        0x080002c7   Thumb Code     0  startup_stm32h743xx.o(.text)
    USART6_IRQHandler                        0x080002c7   Thumb Code     0  startup_stm32h743xx.o(.text)
    WAKEUP_PIN_IRQHandler                    0x080002c7   Thumb Code     0  startup_stm32h743xx.o(.text)
    WWDG_IRQHandler                          0x080002c7   Thumb Code     0  startup_stm32h743xx.o(.text)
    __aeabi_uldivmod                         0x080002d1   Thumb Code    98  uldiv.o(.text)
    __aeabi_llsl                             0x08000333   Thumb Code    30  llshl.o(.text)
    _ll_shift_l                              0x08000333   Thumb Code     0  llshl.o(.text)
    __aeabi_llsr                             0x08000351   Thumb Code    32  llushr.o(.text)
    _ll_ushift_r                             0x08000351   Thumb Code     0  llushr.o(.text)
    __scatterload                            0x08000371   Thumb Code    28  init.o(.text)
    __scatterload_rt2                        0x08000371   Thumb Code     0  init.o(.text)
    BusFault_Handler                         0x08000395   Thumb Code     4  stm32h7xx_it.o(i.BusFault_Handler)
    DebugMon_Handler                         0x08000399   Thumb Code     2  stm32h7xx_it.o(i.DebugMon_Handler)
    HAL_DMA_Abort_IT                         0x0800039d   Thumb Code   236  stm32h7xx_hal_dma.o(i.HAL_DMA_Abort_IT)
    HAL_Delay                                0x08000495   Thumb Code    36  stm32h7xx_hal.o(i.HAL_Delay)
    HAL_GPIO_Init                            0x080004bd   Thumb Code   534  stm32h7xx_hal_gpio.o(i.HAL_GPIO_Init)
    HAL_GPIO_TogglePin                       0x08000709   Thumb Code     8  stm32h7xx_hal_gpio.o(i.HAL_GPIO_TogglePin)
    HAL_GPIO_WritePin                        0x08000711   Thumb Code    10  stm32h7xx_hal_gpio.o(i.HAL_GPIO_WritePin)
    HAL_GetTick                              0x0800071d   Thumb Code     6  stm32h7xx_hal.o(i.HAL_GetTick)
    HAL_IncTick                              0x08000729   Thumb Code    16  stm32h7xx_hal.o(i.HAL_IncTick)
    HAL_Init                                 0x08000741   Thumb Code    28  stm32h7xx_hal.o(i.HAL_Init)
    HAL_InitTick                             0x0800075d   Thumb Code    64  stm32h7xx_hal.o(i.HAL_InitTick)
    HAL_MspInit                              0x080007a9   Thumb Code   114  stm32h7xx_hal_msp.o(i.HAL_MspInit)
    HAL_NVIC_EnableIRQ                       0x08000821   Thumb Code    32  stm32h7xx_hal_cortex.o(i.HAL_NVIC_EnableIRQ)
    HAL_NVIC_SetPriority                     0x08000841   Thumb Code   122  stm32h7xx_hal_cortex.o(i.HAL_NVIC_SetPriority)
    HAL_NVIC_SetPriorityGrouping             0x080008bd   Thumb Code    32  stm32h7xx_hal_cortex.o(i.HAL_NVIC_SetPriorityGrouping)
    HAL_RCCEx_GetD1SysClockFreq              0x080008e5   Thumb Code    44  stm32h7xx_hal_rcc_ex.o(i.HAL_RCCEx_GetD1SysClockFreq)
    HAL_RCCEx_GetD3PCLK1Freq                 0x0800091d   Thumb Code    34  stm32h7xx_hal_rcc_ex.o(i.HAL_RCCEx_GetD3PCLK1Freq)
    HAL_RCCEx_GetPLL2ClockFreq               0x08000949   Thumb Code   532  stm32h7xx_hal_rcc_ex.o(i.HAL_RCCEx_GetPLL2ClockFreq)
    HAL_RCCEx_GetPLL3ClockFreq               0x08000b75   Thumb Code   532  stm32h7xx_hal_rcc_ex.o(i.HAL_RCCEx_GetPLL3ClockFreq)
    HAL_RCCEx_PeriphCLKConfig                0x08000da1   Thumb Code  2868  stm32h7xx_hal_rcc_ex.o(i.HAL_RCCEx_PeriphCLKConfig)
    HAL_RCC_ClockConfig                      0x080018d9   Thumb Code   574  stm32h7xx_hal_rcc.o(i.HAL_RCC_ClockConfig)
    HAL_RCC_GetHCLKFreq                      0x08001b29   Thumb Code    42  stm32h7xx_hal_rcc.o(i.HAL_RCC_GetHCLKFreq)
    HAL_RCC_GetPCLK1Freq                     0x08001b61   Thumb Code    34  stm32h7xx_hal_rcc.o(i.HAL_RCC_GetPCLK1Freq)
    HAL_RCC_GetPCLK2Freq                     0x08001b8d   Thumb Code    36  stm32h7xx_hal_rcc.o(i.HAL_RCC_GetPCLK2Freq)
    HAL_RCC_GetSysClockFreq                  0x08001bb9   Thumb Code   556  stm32h7xx_hal_rcc.o(i.HAL_RCC_GetSysClockFreq)
    HAL_RCC_OscConfig                        0x08001dfd   Thumb Code  1716  stm32h7xx_hal_rcc.o(i.HAL_RCC_OscConfig)
    HAL_SYSTICK_CLKSourceConfig              0x080024b9   Thumb Code    40  stm32h7xx_hal_cortex.o(i.HAL_SYSTICK_CLKSourceConfig)
    HAL_SYSTICK_Callback                     0x080024e1   Thumb Code     2  stm32h7xx_hal_cortex.o(i.HAL_SYSTICK_Callback)
    HAL_SYSTICK_Config                       0x080024e3   Thumb Code    52  stm32h7xx_hal_cortex.o(i.HAL_SYSTICK_Config)
    HAL_SYSTICK_IRQHandler                   0x08002517   Thumb Code     8  stm32h7xx_hal_cortex.o(i.HAL_SYSTICK_IRQHandler)
    HAL_UARTEx_WakeupCallback                0x0800251f   Thumb Code     2  stm32h7xx_hal_uart_ex.o(i.HAL_UARTEx_WakeupCallback)
    HAL_UART_ErrorCallback                   0x08002521   Thumb Code     2  stm32h7xx_hal_uart.o(i.HAL_UART_ErrorCallback)
    HAL_UART_IRQHandler                      0x08002525   Thumb Code   434  stm32h7xx_hal_uart.o(i.HAL_UART_IRQHandler)
    HAL_UART_Init                            0x080026e1   Thumb Code   120  stm32h7xx_hal_uart.o(i.HAL_UART_Init)
    HAL_UART_MspInit                         0x08002759   Thumb Code    76  stm32h7xx_hal_msp.o(i.HAL_UART_MspInit)
    HAL_UART_Receive_IT                      0x080027b1   Thumb Code   224  stm32h7xx_hal_uart.o(i.HAL_UART_Receive_IT)
    HAL_UART_RxCpltCallback                  0x08002891   Thumb Code    22  stm32h7xx_it.o(i.HAL_UART_RxCpltCallback)
    HAL_UART_Transmit                        0x080028ad   Thumb Code   198  stm32h7xx_hal_uart.o(i.HAL_UART_Transmit)
    HAL_UART_TxCpltCallback                  0x08002973   Thumb Code     2  stm32h7xx_hal_uart.o(i.HAL_UART_TxCpltCallback)
    HardFault_Handler                        0x08002975   Thumb Code     4  stm32h7xx_it.o(i.HardFault_Handler)
    MemManage_Handler                        0x08002a71   Thumb Code     4  stm32h7xx_it.o(i.MemManage_Handler)
    NMI_Handler                              0x08002a75   Thumb Code     2  stm32h7xx_it.o(i.NMI_Handler)
    PendSV_Handler                           0x08002a77   Thumb Code     2  stm32h7xx_it.o(i.PendSV_Handler)
    SVC_Handler                              0x08002cd9   Thumb Code     2  stm32h7xx_it.o(i.SVC_Handler)
    SysTick_Handler                          0x08002cdb   Thumb Code    12  stm32h7xx_it.o(i.SysTick_Handler)
    SystemClock_Config                       0x08002ce9   Thumb Code   236  main.o(i.SystemClock_Config)
    SystemInit                               0x08002ded   Thumb Code   130  system_stm32h7xx.o(i.SystemInit)
    UART_AdvFeatureConfig                    0x08002e81   Thumb Code   234  stm32h7xx_hal_uart.o(i.UART_AdvFeatureConfig)
    UART_CheckIdleState                      0x08002f6b   Thumb Code   116  stm32h7xx_hal_uart.o(i.UART_CheckIdleState)
    UART_SetConfig                           0x080030c1   Thumb Code  2452  stm32h7xx_hal_uart.o(i.UART_SetConfig)
    UART_WaitOnFlagUntilTimeout              0x08003ae7   Thumb Code   108  stm32h7xx_hal_uart.o(i.UART_WaitOnFlagUntilTimeout)
    USART1_IRQHandler                        0x08003b55   Thumb Code    10  stm32h7xx_it.o(i.USART1_IRQHandler)
    UsageFault_Handler                       0x08003b65   Thumb Code     4  stm32h7xx_it.o(i.UsageFault_Handler)
    _Error_Handler                           0x08003b69   Thumb Code     4  main.o(i._Error_Handler)
    __scatterload_copy                       0x08003ba5   Thumb Code    14  handlers.o(i.__scatterload_copy)
    __scatterload_null                       0x08003bb3   Thumb Code     2  handlers.o(i.__scatterload_null)
    __scatterload_zeroinit                   0x08003bb5   Thumb Code    14  handlers.o(i.__scatterload_zeroinit)
    main                                     0x08003bc5   Thumb Code    68  main.o(i.main)
    D1CorePrescTable                         0x08003c44   Data          16  system_stm32h7xx.o(.constdata)
    Region$$Table$$Base                      0x08003c54   Number         0  anon$$obj.o(Region$$Table)
    Region$$Table$$Limit                     0x08003c74   Number         0  anon$$obj.o(Region$$Table)
    SystemCoreClock                          0x2000000c   Data           4  system_stm32h7xx.o(.data)
    SystemD2Clock                            0x20000010   Data           4  system_stm32h7xx.o(.data)
    huart1                                   0x20000014   Data         128  main.o(.bss)
    buffer                                   0x20000094   Data       10240  main.o(.bss)
    __initial_sp                             0x20002c98   Data           0  startup_stm32h743xx.o(STACK)



==============================================================================

Memory Map of the image

  Image Entry point : 0x08000299

  Load Region LR_IROM1 (Base: 0x08000000, Size: 0x00003c88, Max: 0x00200000, ABSOLUTE)

    Execution Region ER_IROM1 (Exec base: 0x08000000, Load base: 0x08000000, Size: 0x00003c74, Max: 0x00200000, ABSOLUTE)

    Exec Addr    Load Addr    Size         Type   Attr      Idx    E Section Name        Object

    0x08000000   0x08000000   0x00000298   Data   RO            3    RESET               startup_stm32h743xx.o
    0x08000298   0x08000298   0x00000000   Code   RO         3117  * .ARM.Collect$$$$00000000  mc_w.l(entry.o)
    0x08000298   0x08000298   0x00000004   Code   RO         3122    .ARM.Collect$$$$00000001  mc_w.l(entry2.o)
    0x0800029c   0x0800029c   0x00000004   Code   RO         3125    .ARM.Collect$$$$00000004  mc_w.l(entry5.o)
    0x080002a0   0x080002a0   0x00000000   Code   RO         3127    .ARM.Collect$$$$00000008  mc_w.l(entry7b.o)
    0x080002a0   0x080002a0   0x00000000   Code   RO         3129    .ARM.Collect$$$$0000000A  mc_w.l(entry8b.o)
    0x080002a0   0x080002a0   0x00000008   Code   RO         3130    .ARM.Collect$$$$0000000B  mc_w.l(entry9a.o)
    0x080002a8   0x080002a8   0x00000000   Code   RO         3132    .ARM.Collect$$$$0000000D  mc_w.l(entry10a.o)
    0x080002a8   0x080002a8   0x00000000   Code   RO         3134    .ARM.Collect$$$$0000000F  mc_w.l(entry11a.o)
    0x080002a8   0x080002a8   0x00000004   Code   RO         3123    .ARM.Collect$$$$00002712  mc_w.l(entry2.o)
    0x080002ac   0x080002ac   0x00000024   Code   RO            4    .text               startup_stm32h743xx.o
    0x080002d0   0x080002d0   0x00000062   Code   RO         3120    .text               mc_w.l(uldiv.o)
    0x08000332   0x08000332   0x0000001e   Code   RO         3136    .text               mc_w.l(llshl.o)
    0x08000350   0x08000350   0x00000020   Code   RO         3138    .text               mc_w.l(llushr.o)
    0x08000370   0x08000370   0x00000024   Code   RO         3140    .text               mc_w.l(init.o)
    0x08000394   0x08000394   0x00000004   Code   RO          162    i.BusFault_Handler  stm32h7xx_it.o
    0x08000398   0x08000398   0x00000002   Code   RO          163    i.DebugMon_Handler  stm32h7xx_it.o
    0x0800039a   0x0800039a   0x00000002   PAD
    0x0800039c   0x0800039c   0x000000f8   Code   RO         1578    i.HAL_DMA_Abort_IT  stm32h7xx_hal_dma.o
    0x08000494   0x08000494   0x00000028   Code   RO         2289    i.HAL_Delay         stm32h7xx_hal.o
    0x080004bc   0x080004bc   0x0000024c   Code   RO         1421    i.HAL_GPIO_Init     stm32h7xx_hal_gpio.o
    0x08000708   0x08000708   0x00000008   Code   RO         1424    i.HAL_GPIO_TogglePin  stm32h7xx_hal_gpio.o
    0x08000710   0x08000710   0x0000000a   Code   RO         1425    i.HAL_GPIO_WritePin  stm32h7xx_hal_gpio.o
    0x0800071a   0x0800071a   0x00000002   PAD
    0x0800071c   0x0800071c   0x0000000c   Code   RO         2305    i.HAL_GetTick       stm32h7xx_hal.o
    0x08000728   0x08000728   0x00000018   Code   RO         2308    i.HAL_IncTick       stm32h7xx_hal.o
    0x08000740   0x08000740   0x0000001c   Code   RO         2309    i.HAL_Init          stm32h7xx_hal.o
    0x0800075c   0x0800075c   0x0000004c   Code   RO         2310    i.HAL_InitTick      stm32h7xx_hal.o
    0x080007a8   0x080007a8   0x00000078   Code   RO          252    i.HAL_MspInit       stm32h7xx_hal_msp.o
    0x08000820   0x08000820   0x00000020   Code   RO          296    i.HAL_NVIC_EnableIRQ  stm32h7xx_hal_cortex.o
    0x08000840   0x08000840   0x0000007a   Code   RO          302    i.HAL_NVIC_SetPriority  stm32h7xx_hal_cortex.o
    0x080008ba   0x080008ba   0x00000002   PAD
    0x080008bc   0x080008bc   0x00000028   Code   RO          303    i.HAL_NVIC_SetPriorityGrouping  stm32h7xx_hal_cortex.o
    0x080008e4   0x080008e4   0x00000038   Code   RO         1002    i.HAL_RCCEx_GetD1SysClockFreq  stm32h7xx_hal_rcc_ex.o
    0x0800091c   0x0800091c   0x0000002c   Code   RO         1003    i.HAL_RCCEx_GetD3PCLK1Freq  stm32h7xx_hal_rcc_ex.o
    0x08000948   0x08000948   0x0000022c   Code   RO         1005    i.HAL_RCCEx_GetPLL2ClockFreq  stm32h7xx_hal_rcc_ex.o
    0x08000b74   0x08000b74   0x0000022c   Code   RO         1006    i.HAL_RCCEx_GetPLL3ClockFreq  stm32h7xx_hal_rcc_ex.o
    0x08000da0   0x08000da0   0x00000b38   Code   RO         1010    i.HAL_RCCEx_PeriphCLKConfig  stm32h7xx_hal_rcc_ex.o
    0x080018d8   0x080018d8   0x00000250   Code   RO          893    i.HAL_RCC_ClockConfig  stm32h7xx_hal_rcc.o
    0x08001b28   0x08001b28   0x00000038   Code   RO          897    i.HAL_RCC_GetHCLKFreq  stm32h7xx_hal_rcc.o
    0x08001b60   0x08001b60   0x0000002c   Code   RO          899    i.HAL_RCC_GetPCLK1Freq  stm32h7xx_hal_rcc.o
    0x08001b8c   0x08001b8c   0x0000002c   Code   RO          900    i.HAL_RCC_GetPCLK2Freq  stm32h7xx_hal_rcc.o
    0x08001bb8   0x08001bb8   0x00000244   Code   RO          901    i.HAL_RCC_GetSysClockFreq  stm32h7xx_hal_rcc.o
    0x08001dfc   0x08001dfc   0x000006bc   Code   RO          904    i.HAL_RCC_OscConfig  stm32h7xx_hal_rcc.o
    0x080024b8   0x080024b8   0x00000028   Code   RO          305    i.HAL_SYSTICK_CLKSourceConfig  stm32h7xx_hal_cortex.o
    0x080024e0   0x080024e0   0x00000002   Code   RO          306    i.HAL_SYSTICK_Callback  stm32h7xx_hal_cortex.o
    0x080024e2   0x080024e2   0x00000034   Code   RO          307    i.HAL_SYSTICK_Config  stm32h7xx_hal_cortex.o
    0x08002516   0x08002516   0x00000008   Code   RO          308    i.HAL_SYSTICK_IRQHandler  stm32h7xx_hal_cortex.o
    0x0800251e   0x0800251e   0x00000002   Code   RO          836    i.HAL_UARTEx_WakeupCallback  stm32h7xx_hal_uart_ex.o
    0x08002520   0x08002520   0x00000002   Code   RO          500    i.HAL_UART_ErrorCallback  stm32h7xx_hal_uart.o
    0x08002522   0x08002522   0x00000002   PAD
    0x08002524   0x08002524   0x000001bc   Code   RO          503    i.HAL_UART_IRQHandler  stm32h7xx_hal_uart.o
    0x080026e0   0x080026e0   0x00000078   Code   RO          504    i.HAL_UART_Init     stm32h7xx_hal_uart.o
    0x08002758   0x08002758   0x00000058   Code   RO          254    i.HAL_UART_MspInit  stm32h7xx_hal_msp.o
    0x080027b0   0x080027b0   0x000000e0   Code   RO          509    i.HAL_UART_Receive_IT  stm32h7xx_hal_uart.o
    0x08002890   0x08002890   0x0000001c   Code   RO          164    i.HAL_UART_RxCpltCallback  stm32h7xx_it.o
    0x080028ac   0x080028ac   0x000000c6   Code   RO          512    i.HAL_UART_Transmit  stm32h7xx_hal_uart.o
    0x08002972   0x08002972   0x00000002   Code   RO          515    i.HAL_UART_TxCpltCallback  stm32h7xx_hal_uart.o
    0x08002974   0x08002974   0x00000004   Code   RO          165    i.HardFault_Handler  stm32h7xx_it.o
    0x08002978   0x08002978   0x00000084   Code   RO           13    i.MX_GPIO_Init      main.o
    0x080029fc   0x080029fc   0x00000014   Code   RO           14    i.MX_NVIC_Init      main.o
    0x08002a10   0x08002a10   0x00000060   Code   RO           15    i.MX_USART1_UART_Init  main.o
    0x08002a70   0x08002a70   0x00000004   Code   RO          166    i.MemManage_Handler  stm32h7xx_it.o
    0x08002a74   0x08002a74   0x00000002   Code   RO          167    i.NMI_Handler       stm32h7xx_it.o
    0x08002a76   0x08002a76   0x00000002   Code   RO          168    i.PendSV_Handler    stm32h7xx_it.o
    0x08002a78   0x08002a78   0x00000130   Code   RO         1013    i.RCCEx_PLL2_Config  stm32h7xx_hal_rcc_ex.o
    0x08002ba8   0x08002ba8   0x00000130   Code   RO         1014    i.RCCEx_PLL3_Config  stm32h7xx_hal_rcc_ex.o
    0x08002cd8   0x08002cd8   0x00000002   Code   RO          169    i.SVC_Handler       stm32h7xx_it.o
    0x08002cda   0x08002cda   0x0000000c   Code   RO          170    i.SysTick_Handler   stm32h7xx_it.o
    0x08002ce6   0x08002ce6   0x00000002   PAD
    0x08002ce8   0x08002ce8   0x00000104   Code   RO           16    i.SystemClock_Config  main.o
    0x08002dec   0x08002dec   0x00000094   Code   RO         3084    i.SystemInit        system_stm32h7xx.o
    0x08002e80   0x08002e80   0x000000ea   Code   RO          517    i.UART_AdvFeatureConfig  stm32h7xx_hal_uart.o
    0x08002f6a   0x08002f6a   0x00000074   Code   RO          518    i.UART_CheckIdleState  stm32h7xx_hal_uart.o
    0x08002fde   0x08002fde   0x00000018   Code   RO          519    i.UART_DMAAbortOnError  stm32h7xx_hal_uart.o
    0x08002ff6   0x08002ff6   0x00000020   Code   RO          529    i.UART_EndRxTransfer  stm32h7xx_hal_uart.o
    0x08003016   0x08003016   0x00000020   Code   RO          530    i.UART_EndTransmit_IT  stm32h7xx_hal_uart.o
    0x08003036   0x08003036   0x0000008a   Code   RO          532    i.UART_Receive_IT   stm32h7xx_hal_uart.o
    0x080030c0   0x080030c0   0x000009a4   Code   RO          533    i.UART_SetConfig    stm32h7xx_hal_uart.o
    0x08003a64   0x08003a64   0x00000082   Code   RO          534    i.UART_Transmit_IT  stm32h7xx_hal_uart.o
    0x08003ae6   0x08003ae6   0x0000006c   Code   RO          535    i.UART_WaitOnFlagUntilTimeout  stm32h7xx_hal_uart.o
    0x08003b52   0x08003b52   0x00000002   PAD
    0x08003b54   0x08003b54   0x00000010   Code   RO          171    i.USART1_IRQHandler  stm32h7xx_it.o
    0x08003b64   0x08003b64   0x00000004   Code   RO          172    i.UsageFault_Handler  stm32h7xx_it.o
    0x08003b68   0x08003b68   0x00000004   Code   RO           17    i._Error_Handler    main.o
    0x08003b6c   0x08003b6c   0x00000010   Code   RO          309    i.__NVIC_GetPriorityGrouping  stm32h7xx_hal_cortex.o
    0x08003b7c   0x08003b7c   0x00000028   Code   RO          310    i.__NVIC_SetPriority  stm32h7xx_hal_cortex.o
    0x08003ba4   0x08003ba4   0x0000000e   Code   RO         3144    i.__scatterload_copy  mc_w.l(handlers.o)
    0x08003bb2   0x08003bb2   0x00000002   Code   RO         3145    i.__scatterload_null  mc_w.l(handlers.o)
    0x08003bb4   0x08003bb4   0x0000000e   Code   RO         3146    i.__scatterload_zeroinit  mc_w.l(handlers.o)
    0x08003bc2   0x08003bc2   0x00000002   PAD
    0x08003bc4   0x08003bc4   0x00000050   Code   RO           18    i.main              main.o
    0x08003c14   0x08003c14   0x00000018   Data   RO          536    .constdata          stm32h7xx_hal_uart.o
    0x08003c2c   0x08003c2c   0x00000028   Data   RO         3085    .constdata          system_stm32h7xx.o
    0x08003c54   0x08003c54   0x00000020   Data   RO         3142    Region$$Table       anon$$obj.o


    Execution Region RW_IRAM1 (Exec base: 0x20000000, Load base: 0x08003c74, Size: 0x00002c98, Max: 0x00020000, ABSOLUTE)

    Exec Addr    Load Addr    Size         Type   Attr      Idx    E Section Name        Object

    0x20000000   0x08003c74   0x00000009   Data   RW         2332    .data               stm32h7xx_hal.o
    0x20000009   0x08003c7d   0x00000003   PAD
    0x2000000c   0x08003c80   0x00000008   Data   RW         3086    .data               system_stm32h7xx.o
    0x20000014        -       0x00002880   Zero   RW           19    .bss                main.o
    0x20002894   0x08003c88   0x00000004   PAD
    0x20002898        -       0x00000400   Zero   RW            1    STACK               startup_stm32h743xx.o


==============================================================================

Image component sizes


      Code (inc. data)   RO Data    RW Data    ZI Data      Debug   Object Name

       592         76          0          0      10368    1160677   main.o
        36          8        664          0       1024        884   startup_stm32h743xx.o
       180         30          0          9          0       4318   stm32h7xx_hal.o
       352         22          0          0          0      41049   stm32h7xx_hal_cortex.o
       248         12          0          0          0       2159   stm32h7xx_hal_dma.o
       606         54          0          0          0       3257   stm32h7xx_hal_gpio.o
       208         18          0          0          0       1669   stm32h7xx_hal_msp.o
      3040         86          0          0          0       6260   stm32h7xx_hal_rcc.o
      4692        118          0          0          0       7723   stm32h7xx_hal_rcc_ex.o
      4272        140         24          0          0      13864   stm32h7xx_hal_uart.o
         2          0          0          0          0       1052   stm32h7xx_hal_uart_ex.o
        80         12          0          0          0       6196   stm32h7xx_it.o
       148         18         40          8          0       1374   system_stm32h7xx.o

    ----------------------------------------------------------------------
     14468        594        760         20      11396    1250482   Object Totals
         0          0         32          0          0          0   (incl. Generated)
        12          0          0          3          4          0   (incl. Padding)

    ----------------------------------------------------------------------

      Code (inc. data)   RO Data    RW Data    ZI Data      Debug   Library Member Name

         0          0          0          0          0          0   entry.o
         0          0          0          0          0          0   entry10a.o
         0          0          0          0          0          0   entry11a.o
         8          4          0          0          0          0   entry2.o
         4          0          0          0          0          0   entry5.o
         0          0          0          0          0          0   entry7b.o
         0          0          0          0          0          0   entry8b.o
         8          4          0          0          0          0   entry9a.o
        30          0          0          0          0          0   handlers.o
        36          8          0          0          0         68   init.o
        30          0          0          0          0         68   llshl.o
        32          0          0          0          0         68   llushr.o
        98          0          0          0          0         92   uldiv.o

    ----------------------------------------------------------------------
       248         16          0          0          0        296   Library Totals
         2          0          0          0          0          0   (incl. Padding)

    ----------------------------------------------------------------------

      Code (inc. data)   RO Data    RW Data    ZI Data      Debug   Library Name

       246         16          0          0          0        296   mc_w.l

    ----------------------------------------------------------------------
       248         16          0          0          0        296   Library Totals

    ----------------------------------------------------------------------

==============================================================================


      Code (inc. data)   RO Data    RW Data    ZI Data      Debug   

     14716        610        760         20      11396    1244830   Grand Totals
     14716        610        760         20      11396    1244830   ELF Image Totals
     14716        610        760         20          0          0   ROM Totals

==============================================================================

    Total RO  Size (Code + RO Data)                15476 (  15.11kB)
    Total RW  Size (RW Data + ZI Data)             11416 (  11.15kB)
    Total ROM Size (Code + RO Data + RW Data)      15496 (  15.13kB)

==============================================================================

